C51 COMPILER V9.60.7.0   PERIPHERALS                                                       01/14/2026 22:42:56 PAGE 1   


C51 COMPILER V9.60.7.0, COMPILATION OF MODULE PERIPHERALS
OBJECT MODULE PLACED IN .\Objects\peripherals.obj
COMPILER INVOKED BY: C:\Keil_v5\C51\BIN\C51.EXE peripherals.c OPTIMIZE(8,SPEED) BROWSE DEBUG OBJECTEXTEND PRINT(.\Listin
                    -gs\peripherals.lst) TABS(2) OBJECT(.\Objects\peripherals.obj)

line level    source

   1          /* File: peripherals.c */
   2          #include <aduc841.h>
   3          #include "header.h"
   4          
   5          void Timer3_Init(void)
   6          {
   7   1          T3CON &= 0xFE;
   8   1          T3CON |= 0x86;
   9   1          T3FD = 0x08;
  10   1      }
  11          
  12          void UART_Init(void)
  13          {
  14   1          SM0 = 0;
  15   1          SM1 = 1;
  16   1          REN = 0;  // Transmit only
  17   1          TI = 1;   // Set TI to allow first transmission
  18   1      }
  19          
  20          void GlobalINT(void)
  21          {
  22   1          EA = 1;
  23   1      }
  24          
  25          void Port_Init(void)
  26          {
  27   1          // Port 2: Input (all bits = 1 for high-impedance input)
  28   1          P2 = 0xFF;
  29   1          
  30   1          // Port 3: P3.4-P3.7 as inputs
  31   1          P3 |= 0xF0;
  32   1      }
  33          
  34          void Timer0_Init(void)
  35          {
  36   1          // Mode 1: 16-bit timer, sample every ~10ms
  37   1          TMOD &= 0xF0;
  38   1          TMOD |= 0x01;
  39   1          
  40   1          TH0 = 0xD8;  // Reload for ~10ms @ 11.0592MHz
  41   1          TL0 = 0xF0;
  42   1          
  43   1          ET0 = 1;  // Enable Timer0 interrupt
  44   1          TR0 = 1;  // Start timer
  45   1      }
  46          
  47          void Timer0_ISR(void) interrupt 1
  48          {
  49   1          TH0 = 0xD8;
  50   1          TL0 = 0xF0;
  51   1          sample_flag = 1;
  52   1      }


C51 COMPILER V9.60.7.0   PERIPHERALS                                                       01/14/2026 22:42:56 PAGE 2   

MODULE INFORMATION:   STATIC OVERLAYABLE
   CODE SIZE        =     55    ----
   CONSTANT SIZE    =   ----    ----
   XDATA SIZE       =   ----    ----
   PDATA SIZE       =   ----    ----
   DATA SIZE        =   ----    ----
   IDATA SIZE       =   ----    ----
   BIT SIZE         =   ----    ----
END OF MODULE INFORMATION.


C51 COMPILATION COMPLETE.  0 WARNING(S),  0 ERROR(S)
