C51 COMPILER V9.60.7.0   RX_DECODER                                                        04/15/2026 19:37:44 PAGE 1   


C51 COMPILER V9.60.7.0, COMPILATION OF MODULE RX_DECODER
OBJECT MODULE PLACED IN .\Objects\rx_decoder.obj
COMPILER INVOKED BY: C:\Keil_v5\C51\BIN\C51.EXE rx_decoder.c OPTIMIZE(8,SPEED) BROWSE DEBUG OBJECTEXTEND PRINT(.\Listing
                    -s\rx_decoder.lst) TABS(2) OBJECT(.\Objects\rx_decoder.obj)

line level    source

   1          /* =============================================================================
   2             File: rx_decoder.c
   3             Module: Group 2 -- Decoding Logic
   4          
   5             Dependencies:
   6               rx_hw.h  ->  rx_send_uart_byte()
   7          
   8             Portability:
   9               rx_compute_syndrome(), rx_reset_state_machine(), and rx_is_bus_reset()
  10               contain no hardware calls and can run on any host.
  11             =============================================================================
  12          */
  13          
  14          #include "rx_system.h"
  15          
  16          /* ---------------------------------------------------------------------------
  17             Module-private state variables
  18             [N1] volatile removed: no ISRs access these variables.
  19             [MEM] Placed in XDATA to free DATA space (7 bytes saved).
  20             ---------------------------------------------------------------------------
  21          */
  22          
  23          rx_state_t xdata rx_current_state    = RX_STATE_WAIT_HIGH;
  24          uint8_t    xdata rx_stored_high_nibble = 0;
  25          uint8_t    xdata rx_byte_ready       = 0;
  26          uint16_t   xdata rx_bytes_decoded    = 0;
  27          uint16_t   xdata rx_states_processed = 0;
  28          
  29          
  30          /* ---------------------------------------------------------------------------
  31             rx_compute_syndrome
  32             ---------------------------------------------------------------------------
  33          */
  34          uint8_t rx_compute_syndrome(uint16_t bus_state)
  35          {
  36   1          uint8_t  syndrome = 0;
  37   1          uint8_t  col_idx;
  38   1          uint16_t temp;
  39   1      
  40   1          temp = bus_state & BUS_STATE_MASK;
  41   1      
  42   1          for (col_idx = 1; col_idx <= HAMMING_N; col_idx++)
  43   1          {
  44   2              if (temp & 0x0001u)
  45   2              {
  46   3                  syndrome ^= col_idx;
  47   3              }
  48   2              temp >>= 1;
  49   2          }
  50   1      
  51   1          return (syndrome & 0x0Fu);
  52   1      }
  53          
  54          
C51 COMPILER V9.60.7.0   RX_DECODER                                                        04/15/2026 19:37:44 PAGE 2   

  55          /* ---------------------------------------------------------------------------
  56             rx_process_bus_state
  57             ---------------------------------------------------------------------------
  58          */
  59          void rx_process_bus_state(uint16_t bus_state)
  60          {
  61   1          uint8_t data_nibble;
  62   1          uint8_t complete_byte;
  63   1      
  64   1          data_nibble = rx_compute_syndrome(bus_state);
  65   1      
  66   1          switch (rx_current_state)
  67   1          {
  68   2              case RX_STATE_WAIT_HIGH:
  69   2                  rx_stored_high_nibble = data_nibble & 0x0Fu;
  70   2                  rx_current_state      = RX_STATE_WAIT_LOW;
  71   2                  break;
  72   2      
  73   2              case RX_STATE_WAIT_LOW:
  74   2                  complete_byte = (uint8_t)((rx_stored_high_nibble << 4)
  75   2                                   | (data_nibble & 0x0Fu));
  76   2      
  77   2                  rx_send_uart_byte(complete_byte);
  78   2      
  79   2                  rx_bytes_decoded++;
  80   2                  rx_byte_ready         = 1;
  81   2                  rx_current_state      = RX_STATE_WAIT_HIGH;
  82   2                  rx_stored_high_nibble = 0;
  83   2                  break;
  84   2      
  85   2              default:
  86   2                  rx_reset_state_machine();
  87   2                  break;
  88   2          }
  89   1      }
  90          
  91          
  92          /* ---------------------------------------------------------------------------
  93             rx_reset_state_machine
  94             ---------------------------------------------------------------------------
  95          */
  96          void rx_reset_state_machine(void)
  97          {
  98   1          rx_current_state      = RX_STATE_WAIT_HIGH;
  99   1          rx_stored_high_nibble = 0;
 100   1          rx_byte_ready         = 0;
 101   1      }
 102          
 103          
 104          /* ---------------------------------------------------------------------------
 105             rx_is_bus_reset
 106             ---------------------------------------------------------------------------
 107          */
 108          uint8_t rx_is_bus_reset(uint16_t data_bits, uint16_t red_bits)
 109          {
 110   1          if ((data_bits == 0) && (red_bits == 0))
 111   1          {
 112   2              return 1;
 113   2          }
 114   1          return 0;
 115   1      }

C51 COMPILER V9.60.7.0   RX_DECODER                                                        04/15/2026 19:37:44 PAGE 3   


MODULE INFORMATION:   STATIC OVERLAYABLE
   CODE SIZE        =    134    ----
   CONSTANT SIZE    =   ----    ----
   XDATA SIZE       =      7    ----
   PDATA SIZE       =   ----    ----
   DATA SIZE        =   ----    ----
   IDATA SIZE       =   ----    ----
   BIT SIZE         =   ----    ----
END OF MODULE INFORMATION.


C51 COMPILATION COMPLETE.  0 WARNING(S),  0 ERROR(S)
