C51 COMPILER V9.60.7.0   RX_HW                                                             04/15/2026 20:02:42 PAGE 1   


C51 COMPILER V9.60.7.0, COMPILATION OF MODULE RX_HW
OBJECT MODULE PLACED IN .\Objects\rx_hw.obj
COMPILER INVOKED BY: C:\Keil_v5\C51\BIN\C51.EXE rx_hw.c OPTIMIZE(8,SPEED) BROWSE DEBUG OBJECTEXTEND PRINT(.\Listings\rx_
                    -hw.lst) TABS(2) OBJECT(.\Objects\rx_hw.obj)

line level    source

   1          /* 
   2             File: rx_hw.c
   3          
   4             ADuC841 PORT 1 ANALOG-MODE ANOMALY:
   5             On the ADuC841, all Port 1 pins power up in ANALOG INPUT mode.  In
   6             this mode the digital input buffer is disabled and the pin reads as
   7             indeterminate.  Writing a 0 to a P1 bit switches that pin to DIGITAL
   8             mode.  This must be done BEFORE enabling any peripheral (like SPI)
   9             that relies on reading the pin.
  10          
  11             The SPI /SS pin is P1.5.  If SPE is set while P1.5 is still in
  12             analog mode, the SPI slave cannot detect /SS transitions and will
  13             either ignore frames entirely or sample data at random phases.
  14             
  15          */
  16          
  17          #include "rx_system.h"
  18          
  19          /* 
  20             SPI RECEIVE STATE VARIABLES
  21              */
  22          
  23          /* Staging registers: assembled 26-bit word from the last complete frame.
  24             Written atomically by the SPI ISR; read by the main loop when
  25             rx_spi_frame_ready == 1. */
  26          volatile uint16_t rx_spi_data        = 0;
  27          volatile uint16_t rx_spi_red         = 0;
  28          volatile uint8_t  rx_spi_parity      = 0;   /* [W4] Overall parity bit */
  29          volatile uint8_t  rx_spi_frame_ready = 0;
  30          
  31          /* ISR-private byte accumulation buffer and counter. */
  32          static uint8_t spi_rx_buf[4];
  33          static uint8_t spi_byte_idx = 0;
  34          
  35          
  36          /* 
  37             INTERRUPT SERVICE ROUTINES
  38              */
  39          
  40          /* 
  41             INT0 ISR (vector 0, address 0x0003) -- /SS Frame-Sync
  42             
  43             Fires on the falling edge of /SS (Mega asserts slave select).
  44             Resets the byte counter to 0 so the next SPI byte is byte 0.
  45             
  46          */
  47          void INT0_FrameSync_ISR(void) interrupt 0
  48          {
  49   1          spi_byte_idx = 0;
  50   1      }
  51          
  52          
  53          /* 
  54             SPI/I2C ISR (vector 6, address 0x0033) -- Byte Received
C51 COMPILER V9.60.7.0   RX_HW                                                             04/15/2026 20:02:42 PAGE 2   

  55             
  56             Fires after each complete 8-bit SPI transfer.
  57          
  58             FRAME PROTOCOL (4 bytes per frame):
  59               Index 0: H1 data bits  [7:0]
  60               Index 1: bit 7 = overall parity (W4)
  61                        bits [6:0] = H1 data bits [14:8]
  62               Index 2: ECC red bits  [7:0]
  63               Index 3: ECC red bits  [9:8] (bits 7-2 = 0)
  64          
  65             After storing byte 3, the ISR assembles the 15-bit data, 10-bit
  66             redundancy, and 1-bit parity, then sets rx_spi_frame_ready = 1.
  67             
  68          */
  69          sbit DEBUG_LED = P3^4;
  70          void SPI_Receive_ISR(void) interrupt 6
  71          {
  72   1          uint8_t rx_byte;
  73   1          DEBUG_LED = !DEBUG_LED;
  74   1          /* Read SPIDAT to get the received byte AND clear the interrupt flag. */
  75   1          rx_byte = SPIDAT;
  76   1      
  77   1          if (spi_byte_idx >= 4)
  78   1          {
  79   2              return;
  80   2          }
  81   1      
  82   1          spi_rx_buf[spi_byte_idx] = rx_byte;
  83   1          spi_byte_idx++;
  84   1      
  85   1          if (spi_byte_idx == 4)
  86   1          {
  87   2              /* Assemble the 15-bit data word from bytes 0 and 1.
  88   2                 Byte 0 = data[7:0].
  89   2                 Byte 1 bits [6:0] = data[14:8].
  90   2                 Byte 1 bit 7 = overall parity (extracted separately). */
  91   2              rx_spi_data = (uint16_t)spi_rx_buf[0]
  92   2                          | (((uint16_t)(spi_rx_buf[1] & 0x7Fu)) << 8);
  93   2      
  94   2              /* Assemble the 10-bit redundancy word from bytes 2 and 3. */
  95   2              rx_spi_red  = (uint16_t)spi_rx_buf[2]
  96   2                          | (((uint16_t)(spi_rx_buf[3] & 0x03u)) << 8);
  97   2      
  98   2              /* [W4] Extract the overall parity bit from byte 1, bit 7.
  99   2                 This is the TX-computed even parity of all 25 bits
 100   2                 (15 data + 10 redundancy).  It rides in the previously-
 101   2                 unused high bit of byte 1. */
 102   2              rx_spi_parity = (spi_rx_buf[1] >> 7) & 0x01u;
 103   2      
 104   2              rx_spi_frame_ready = 1;
 105   2          }
 106   1      }
 107          
 108          
 109          /* 
 110             PERIPHERAL INITIALISATION
 111              */
 112          
 113          /* 
 114             RX_Timer3_Init  (unchanged)
 115             
 116          */
C51 COMPILER V9.60.7.0   RX_HW                                                             04/15/2026 20:02:42 PAGE 3   

 117          void RX_Timer3_Init(void)
 118          {
 119   1          T3CON = 0x86u;
 120   1          T3FD  = 0x08u;
 121   1      }
 122          
 123          
 124          /* 
 125             RX_UART_Init  (unchanged)
 126             
 127          */
 128          void RX_UART_Init(void)
 129          {
 130   1          SM0 = 0;
 131   1          SM1 = 1;
 132   1          REN = 0;
 133   1          RI  = 0;
 134   1          TI  = 0;
 135   1          ES  = 0;
 136   1      
 137   1          TI  = 1;
 138   1      }
 139          
 140          
 141          /* 
 142             RX_SPI_Slave_Init
 143             
 144             [F2] FIX: P1.5 ANALOG-MODE BUG
 145          
 146             The ADuC841 Port 1 defaults to ANALOG INPUT mode on power-up.
 147             In analog mode, the digital input buffer is disconnected, so the
 148             pin cannot reliably read logic levels.  P1.5 is the SPI /SS pin.
 149             If SPE is enabled while P1.5 is still analog, the SPI slave
 150             peripheral cannot detect the master's slave-select assertion.
 151          
 152             FIX: Write 0 to P1.5 BEFORE enabling SPE.  On the ADuC841, writing
 153             a 0 to any Port 1 bit switches that pin from analog to digital mode.
 154             We use a bitwise AND to clear only P1.5 without disturbing other P1
 155             bits that may be intentionally left in analog mode for ADC use.
 156          
 157             After the digital-mode switch, SPI is enabled as before.
 158          
 159             [W4] rx_spi_parity is reset to 0 alongside the other staging registers.
 160          
 161             SPICON = 0xA0:
 162               ISPI=1 (SPI interrupt enable), SPE=1 (SPI enable),
 163               SPIM=0 (slave), CPOL=0, CPHA=0 (Mode 0), SPR=00 (ignored).
 164             
 165          */
 166          void RX_SPI_Slave_Init(void)
 167          {
 168   1          /* Reset SPI receive state. */
 169   1          spi_byte_idx       = 0;
 170   1          rx_spi_frame_ready = 0;
 171   1          rx_spi_data        = 0;
 172   1          rx_spi_red         = 0;
 173   1          rx_spi_parity      = 0;   /* [W4] */
 174   1      
 175   1          /* [F2] Force P1.5 (/SS) from analog mode to digital input mode.
 176   1             On ADuC841, writing 0 to a Port 1 bit activates the digital
 177   1             input buffer for that pin.  This MUST happen before SPE is set,
 178   1             otherwise the SPI slave cannot detect /SS transitions.
C51 COMPILER V9.60.7.0   RX_HW                                                             04/15/2026 20:02:42 PAGE 4   

 179   1      
 180   1             P1 &= ~0x20  clears bit 5 only.  Bits 0-4 and 6-7 are preserved
 181   1             so that any ADC channels configured on other P1 pins remain
 182   1             undisturbed.  If additional SPI pins (MOSI, MISO, SCLOCK) also
 183   1             reside on Port 1, clear those bits here too -- consult the
 184   1             datasheet for your specific package variant. */
 185   1          P1 &= ~0x20u;   /* P1.5 = 0 -> digital mode for /SS */
 186   1      
 187   1          /* Pre-load transmit register. */
 188   1          SPIDAT = 0x00u;
 189   1      
 190   1          /* Configure SPI: slave mode, Mode 0, interrupt enabled.
 191   1             ISPI=1, SPE=1, SPIM=0, CPOL=0, CPHA=0, SPR=00 => 0xA0. */
 192   1          SPICON = 0xA0u;
 193   1      
 194   1          /* Configure INT0 (P3.2) for falling-edge trigger. */
 195   1          IT0 = 1;
 196   1          IE0 = 0;
 197   1          EX0 = 1;
 198   1      
 199   1          /* EA is NOT set here; caller must set EA=1 after all inits. */
 200   1      }
 201          
 202          
 203          /* 
 204             NON-BLOCKING UART TX BUFFER  (unchanged)
 205              */
 206          
 207          #define TX_BUF_SIZE 16
 208          static uint8_t xdata tx_buf[TX_BUF_SIZE];
 209          static uint8_t tx_head = 0;
 210          static uint8_t tx_tail = 0;
 211          
 212          
 213          void rx_send_uart_byte(uint8_t data_byte)
 214          {
 215   1          uint8_t next_head;
 216   1      
 217   1          next_head = (tx_head + 1) % TX_BUF_SIZE;
 218   1          if (next_head == tx_tail)
 219   1          {
 220   2              return;
 221   2          }
 222   1      
 223   1          tx_buf[tx_head] = data_byte;
 224   1          tx_head = next_head;
 225   1      }
 226          
 227          
 228          void rx_uart_pump(void)
 229          {
 230   1          if (TI && (tx_tail != tx_head))
 231   1          {
 232   2              TI = 0;
 233   2              SBUF = tx_buf[tx_tail];
 234   2              tx_tail = (tx_tail + 1) % TX_BUF_SIZE;
 235   2          }
 236   1      }


MODULE INFORMATION:   STATIC OVERLAYABLE
   CODE SIZE        =    200    ----
C51 COMPILER V9.60.7.0   RX_HW                                                             04/15/2026 20:02:42 PAGE 5   

   CONSTANT SIZE    =   ----    ----
   XDATA SIZE       =     16    ----
   PDATA SIZE       =   ----    ----
   DATA SIZE        =     13    ----
   IDATA SIZE       =   ----    ----
   BIT SIZE         =   ----    ----
END OF MODULE INFORMATION.


C51 COMPILATION COMPLETE.  0 WARNING(S),  0 ERROR(S)
