C51 COMPILER V9.60.7.0   RX_INPUT                                                          01/14/2026 22:42:56 PAGE 1   


C51 COMPILER V9.60.7.0, COMPILATION OF MODULE RX_INPUT
OBJECT MODULE PLACED IN .\Objects\rx_input.obj
COMPILER INVOKED BY: C:\Keil_v5\C51\BIN\C51.EXE rx_input.c OPTIMIZE(8,SPEED) BROWSE DEBUG OBJECTEXTEND PRINT(.\Listings\
                    -rx_input.lst) TABS(2) OBJECT(.\Objects\rx_input.obj)

line level    source

   1          /* File: rx_input.c
   2           * Reads ONLY the defined pins based on transmitter_out.c mapping.
   3           * * Hardware Mapping:
   4           * X[0-7]  <-- P2.0 - P2.7
   5           * X[8]    <-- P3.5
   6           * X[9]    <-- P3.6
   7           * X[10]   <-- P3.7
   8           * NOTE: P3.4 is NOT used and is ignored to prevent floating input errors.
   9           *
  10          
  11          #include <aduc841.h>
  12          #include <string.h>
  13          #include "header.h"
  14          
  15          void read_X_from_bus(uint8_t *X)
  16          {
  17              uint8_t p2_val, p3_val;
  18              uint8_t i;
  19              
  20              // 1. Clear output array to ensure no garbage data remains in unused bits
  21              memset(X, 0, HAMMING_N);
  22              
  23              // 2. Atomic read from ports (Critical Section)
  24              EA = 0;
  25              p2_val = P2;
  26              p3_val = P3;
  27              EA = 1;
  28              
  29              // 3. Unpack P2 into X[0-7]
  30              for (i = 0; i < 8; i++)
  31              {
  32                  X[i] = (p2_val >> i) & 0x01;
  33              }
  34              
  35              // 4. Unpack P3.5-P3.7 into X[8-10]
  36              // Explicitly shifting specific bits to avoid reading P3.4
  37              
  38              X[8]  = (p3_val >> 5) & 0x01; // Read P3.5
  39              X[9]  = (p3_val >> 6) & 0x01; // Read P3.6
  40              X[10] = (p3_val >> 7) & 0x01; // Read P3.7
  41              
  42              // Bits X[11] through X[14] remain 0 (from memset)
  43          }/
  44          /* File: rx_input.c
  45           * Active Low Logic:
  46           * Voltage High (1) -> Interpreted as Logic 0 (Idle)
  47           * Voltage Low (0/GND) -> Interpreted as Logic 1 (Active)
  48           */
  49          
  50          #include <aduc841.h>
  51          #include <string.h>
  52          #include "header.h"
  53          
  54          void read_X_from_bus(uint8_t *X)
C51 COMPILER V9.60.7.0   RX_INPUT                                                          01/14/2026 22:42:56 PAGE 2   

  55          {
  56   1          uint8_t p2_val, p3_val;
  57   1          uint8_t i;
  58   1          
  59   1          // 1. Clear output array
  60   1          memset(X, 0, HAMMING_N);
  61   1          
  62   1          // 2. Atomic read from ports
  63   1          EA = 0;
  64   1          p2_val = P2;
  65   1          p3_val = P3;
  66   1          EA = 1;
  67   1          
  68   1          // 3. Unpack P2 into X[0-7] with INVERSION
  69   1          // We use the '!' operator to flip the bit value.
  70   1          // If P2.i is 1 (Floating), X[i] becomes 0.
  71   1          // If P2.i is 0 (Grounded), X[i] becomes 1.
  72   1          for (i = 0; i < 8; i++)
  73   1          {
  74   2              // Check if the specific bit is LOW (0)
  75   2              if ( (p2_val & (1 << i)) == 0 ) 
  76   2              {
  77   3                  X[i] = 1; // Active!
  78   3              }
  79   2              else
  80   2              {
  81   3                  X[i] = 0; // Idle
  82   3              }
  83   2          }
  84   1          
  85   1          // 4. Unpack P3.5-P3.7 with INVERSION
  86   1          
  87   1          // Check P3.5 -> X[8]
  88   1          if ((p3_val & (1 << 5)) == 0) X[8] = 1; else X[8] = 0;
  89   1      
  90   1          // Check P3.6 -> X[9]
  91   1          if ((p3_val & (1 << 6)) == 0) X[9] = 1; else X[9] = 0;
  92   1      
  93   1          // Check P3.7 -> X[10]
  94   1          if ((p3_val & (1 << 7)) == 0) X[10] = 1; else X[10] = 0;
  95   1      }


MODULE INFORMATION:   STATIC OVERLAYABLE
   CODE SIZE        =    148    ----
   CONSTANT SIZE    =   ----    ----
   XDATA SIZE       =   ----    ----
   PDATA SIZE       =   ----    ----
   DATA SIZE        =   ----       6
   IDATA SIZE       =   ----    ----
   BIT SIZE         =   ----    ----
END OF MODULE INFORMATION.


C51 COMPILATION COMPLETE.  0 WARNING(S),  0 ERROR(S)
