C51 COMPILER V9.60.7.0   RX_MAIN                                                           03/17/2026 14:35:28 PAGE 1   


C51 COMPILER V9.60.7.0, COMPILATION OF MODULE RX_MAIN
OBJECT MODULE PLACED IN .\Objects\rx_main.obj
COMPILER INVOKED BY: C:\Keil_v5\C51\BIN\C51.EXE rx_main.c OPTIMIZE(8,SPEED) BROWSE DEBUG OBJECTEXTEND PRINT(.\Listings\r
                    -x_main.lst) TABS(2) OBJECT(.\Objects\rx_main.obj)

line level    source

   1          /* =============================================================================
   2             File: rx_main.c
   3             Module: Group 1 -- Main entry point and pipeline loop (SPI Slave version)
   4          
   5             MODIFICATION SUMMARY:
   6               [W4] The main loop now snapshots rx_spi_parity alongside data and
   7               redundancy, and passes it to rx_pesec_correct() for SEC+DED decoding.
   8               The reset detection (rx_is_bus_reset) is unchanged: all 26 bits
   9               (data + red + parity) are zero after a TX '=' reset.
  10          
  11             Pipeline stages:
  12               (Stage A: handled by SPI ISR -- see rx_hw.c)
  13               Stage B: rx_is_bus_reset()        (decoder -- reset detect)
  14               Stage C: rx_pesec_correct()       (ecc -- 26-bit SEC+DED)
  15               Stage D: rx_correct_bus_state()   (ecc -- H1 differential)
  16               Stage E: rx_process_bus_state()   (decoder -- nibble FSM)
  17             =============================================================================
  18          */
  19          
  20          #include "rx_system.h"
  21          
  22          /* ---------------------------------------------------------------------------
  23             PESEC block configuration -- MUST MATCH THE TX ENCODER.
  24             ---------------------------------------------------------------------------
  25          */
  26          static uint8_t pesec_config[] = {3, 2};
  27          
  28          
  29          /* ---------------------------------------------------------------------------
  30             rx_perform_full_reset
  31             ---------------------------------------------------------------------------
  32          */
  33          static void rx_perform_full_reset(void)
  34          {
  35   1          rx_previous_bus_state = 0;
  36   1      
  37   1          rx_errors_corrected  = 0;
  38   1          rx_errors_detected   = 0;
  39   1          rx_pesec_corrections = 0;
  40   1      
  41   1          rx_reset_state_machine();
  42   1      }
  43          
  44          
  45          /* ---------------------------------------------------------------------------
  46             main
  47             ---------------------------------------------------------------------------
  48          */
  49          void main(void)
  50          {
  51   1          uint16_t raw_data;
  52   1          uint16_t raw_red;
  53   1          uint8_t  raw_parity;        /* [W4] Overall parity from 26th bit */
  54   1          uint16_t corrected_data;
C51 COMPILER V9.60.7.0   RX_MAIN                                                           03/17/2026 14:35:28 PAGE 2   

  55   1      
  56   1          /* Set core clock to full crystal speed. */
  57   1          PLLCON = 0x00;
  58   1      
  59   1          /* Enable internal 2 KB XRAM. */
  60   1          CFG841 |= 0x01;
  61   1      
  62   1          /* Hardware initialisation. */
  63   1          RX_Timer3_Init();
  64   1          RX_UART_Init();
  65   1          RX_SPI_Slave_Init();
  66   1      
  67   1          /* PESEC matrix initialisation. */
  68   1          rx_init_pesec_matrices(pesec_config, 2);
  69   1      
  70   1          /* Decoder and error-correction module reset. */
  71   1          rx_reset_state_machine();
  72   1          rx_previous_bus_state = 0;
  73   1          rx_errors_corrected   = 0;
  74   1          rx_errors_detected    = 0;
  75   1          rx_pesec_corrections  = 0;
  76   1      
  77   1          /* Enable global interrupts LAST. */
  78   1          EA = 1;
  79   1      
  80   1          /* Main pipeline loop. */
  81   1          while (1)
  82   1          {
  83   2              rx_uart_pump();
  84   2      
  85   2              if (rx_spi_frame_ready)
  86   2              {
  87   3                  /* Atomically snapshot the SPI staging registers.
  88   3                     [W4] Now also captures the overall parity bit. */
  89   3                  EA = 0;
  90   3                  raw_data   = rx_spi_data;
  91   3                  raw_red    = rx_spi_red;
  92   3                  raw_parity = rx_spi_parity;    /* [W4] */
  93   3                  rx_spi_frame_ready = 0;
  94   3                  EA = 1;
  95   3      
  96   3                  /* Stage B: TX reset detection.
  97   3                     After TX '=' reset, all 26 bits are zero.  The parity
  98   3                     of an all-zero 25-bit word is 0, so the overall parity
  99   3                     bit is also 0.  The existing rx_is_bus_reset() check
 100   3                     (data==0 && red==0) remains correct. */
 101   3                  if (rx_is_bus_reset(raw_data, raw_red))
 102   3                  {
 103   4                      rx_perform_full_reset();
 104   4                      continue;
 105   4                  }
 106   3      
 107   3                  /* Stage C: [W4] SEC+DED PESEC error correction.
 108   3                     Now passes the overall parity bit so the decoder can
 109   3                     distinguish single errors (correctable) from double
 110   3                     errors (detectable but uncorrectable). */
 111   3                  rx_pesec_correct(&raw_data, &raw_red, raw_parity);
 112   3      
 113   3                  /* Stage D: H1 differential validation. */
 114   3                  corrected_data = rx_correct_bus_state(raw_data);
 115   3      
 116   3                  /* Stage E: Nibble extraction and byte reassembly. */
C51 COMPILER V9.60.7.0   RX_MAIN                                                           03/17/2026 14:35:28 PAGE 3   

 117   3                  rx_process_bus_state(corrected_data);
 118   3      
 119   3                  rx_states_processed++;
 120   3              }
 121   2          }
 122   1      }


MODULE INFORMATION:   STATIC OVERLAYABLE
   CODE SIZE        =    183    ----
   CONSTANT SIZE    =   ----    ----
   XDATA SIZE       =   ----    ----
   PDATA SIZE       =   ----    ----
   DATA SIZE        =      2       7
   IDATA SIZE       =   ----    ----
   BIT SIZE         =   ----    ----
END OF MODULE INFORMATION.


C51 COMPILATION COMPLETE.  0 WARNING(S),  0 ERROR(S)
