C51 COMPILER V9.60.7.0   TX_ECC                                                            05/04/2026 12:33:31 PAGE 1   


C51 COMPILER V9.60.7.0, COMPILATION OF MODULE TX_ECC
OBJECT MODULE PLACED IN .\Objects\tx_ecc.obj
COMPILER INVOKED BY: C:\Keil_v5\C51\BIN\C51.EXE tx_ecc.c OPTIMIZE(8,SPEED) BROWSE DEBUG OBJECTEXTEND PRINT(.\Listings\tx
                    -_ecc.lst) TABS(2) OBJECT(.\Objects\tx_ecc.obj)

line level    source

   1          /* File: ecc.c
   2           * Group 3: PESEC Error Correction + SEC+DED Overall Parity
   3           * Target: ADuC841 (8052 single-cycle core)
   4           *
   5           * Contains:
   6           *   - pesec_redundancy_reg: the 10-bit ECC redundancy vector
   7           *   - pesec_overall_parity: the 26th bit for SEC+DED (W4 upgrade)
   8           *   - Dynamic matrix storage (D and A) and block solver metadata
   9           *   - Init_PESEC_Matrices(): builds D and A from block-size config
  10           *   - Syndrome helpers and delta solver
  11           *   - ECC(): main encode cycle -- redundancy update + parity + output
  12           *
  13           * SEC+DED UPGRADE (W4):
  14           *   After computing the redundancy, a single overall even-parity bit P
  15           *   is computed over all 25 bits (15 data + 10 redundancy).  This
  16           *   expands the physical bus word to 26 bits and upgrades the error
  17           *   model from SEC to SEC+DED.
  18           *
  19           * Portability: Pure algorithmic logic.  The only external call is
  20           *              output_to_shift_registers() from Group 1.
  21           */
  22          
  23          #include "tx_header.h"
  24          
  25          /* 
  26           * STATE VARIABLE DEFINITIONS  (owned by this module)
  27           */
  28          
  29          /* 10-bit redundancy register, updated differentially.
  30           * [N2] Not volatile: only accessed from main-loop call chain. */
  31          uint16_t pesec_redundancy_reg = 0;
  32          
  33          /* [W4] Overall even-parity bit for SEC+DED.
  34           * Computed fresh from all 25 bits (15 data + 10 redundancy) after each
  35           * redundancy update.  Read by output_to_shift_registers() in tx_main.c
  36           * to shift it out as the 26th bit on the bus.
  37           * Value: 0 = even number of 1s in the 25-bit word, 1 = odd. */
  38          uint8_t pesec_overall_parity = 0;
  39          
  40          /* Dynamic matrix storage
  41           * [MEM] Placed in XDATA so the 60-byte matrix payload does not eat into
  42           * the 128-byte direct DATA RAM, matching the layout used in rx_ecc.c.
  43           * Requires CFG841 |= 0x01 in main() to enable the on-chip 2 KB XRAM. */
  44          uint8_t xdata PESEC_MAT_D[20];   /* Redundancy-bit columns */
  45          uint8_t xdata PESEC_MAT_A[40];   /* Data-bit columns       */
  46          
  47          /* Block solver metadata
  48           * [MEM] XDATA (~17 bytes total). */
  49          uint8_t xdata pesec_num_blocks;
  50          uint8_t xdata pesec_bit_offsets[MAX_PESEC_BLOCKS];
  51          uint8_t xdata pesec_col_offsets[MAX_PESEC_BLOCKS];
  52          uint8_t xdata pesec_chunk_masks[MAX_PESEC_BLOCKS];
  53          
  54          /* Column counts
C51 COMPILER V9.60.7.0   TX_ECC                                                            05/04/2026 12:33:31 PAGE 2   

  55           * [MEM] XDATA. */
  56          uint8_t xdata pesec_num_d_cols;
  57          uint8_t xdata pesec_num_a_cols;
  58          
  59          /* 
  60           * MATRIX INITIALISATION
  61           */
  62          void Init_PESEC_Matrices(uint8_t* m_sizes, uint8_t num_blocks)
  63          {
  64   1          uint8_t i, b, val;
  65   1          uint8_t is_in_d;
  66   1          uint8_t total_m = 0;
  67   1          uint8_t current_col_offset = 0;
  68   1          uint8_t max_syndrome;
  69   1      
  70   1          pesec_num_blocks = num_blocks;
  71   1          pesec_num_d_cols = 0;
  72   1          pesec_num_a_cols = 0;
  73   1      
  74   1          for (b = 0; b < num_blocks; b++)
  75   1          {
  76   2              pesec_bit_offsets[b] = total_m;
  77   2              pesec_col_offsets[b] = current_col_offset;
  78   2              pesec_chunk_masks[b] = ((1 << m_sizes[b]) - 1) << total_m;
  79   2      
  80   2              for (i = 1; i < (1 << m_sizes[b]); i++)
  81   2              {
  82   3                  PESEC_MAT_D[pesec_num_d_cols++] = (i << total_m);
  83   3              }
  84   2      
  85   2              total_m += m_sizes[b];
  86   2              current_col_offset += ((1 << m_sizes[b]) - 1);
  87   2          }
  88   1      
  89   1          max_syndrome = (1 << total_m) - 1;
  90   1      
  91   1          for (val = 1; val <= max_syndrome; val++)
  92   1          {
  93   2              is_in_d = 0;
  94   2      
  95   2              for (i = 0; i < pesec_num_d_cols; i++)
  96   2              {
  97   3                  if (PESEC_MAT_D[i] == val)
  98   3                  {
  99   4                      is_in_d = 1;
 100   4                      break;
 101   4                  }
 102   3              }
 103   2      
 104   2              if (is_in_d == 0)
 105   2              {
 106   3                  PESEC_MAT_A[pesec_num_a_cols++] = val;
 107   3              }
 108   2          }
 109   1      }
 110          
 111          /* 
 112           * SYNDROME COMPUTATION HELPERS
 113           */
 114          
 115          static uint8_t calc_pesec_synd(uint16_t reg_val, uint8_t* mat_ptr, uint8_t cols)
 116          {
C51 COMPILER V9.60.7.0   TX_ECC                                                            05/04/2026 12:33:31 PAGE 3   

 117   1          uint8_t synd_res = 0;
 118   1          uint8_t idx;
 119   1      
 120   1          for (idx = 0; idx < cols; idx++)
 121   1          {
 122   2              if ((reg_val >> idx) & 1)
 123   2              {
 124   3                  synd_res ^= mat_ptr[idx];
 125   3              }
 126   2          }
 127   1          return synd_res;
 128   1      }
 129          
 130          static uint8_t get_data_pesec_synd(uint16_t data_val)
 131          {
 132   1          return calc_pesec_synd(data_val, PESEC_MAT_A, pesec_num_a_cols);
 133   1      }
 134          
 135          static uint8_t get_red_pesec_synd(uint16_t red_val)
 136          {
 137   1          return calc_pesec_synd(red_val, PESEC_MAT_D, pesec_num_d_cols);
 138   1      }
 139          
 140          /* =========================================================================
 141           * PARITY COMPUTATION HELPER  (W4 -- SEC+DED)
 142           * =========================================================================
 143           * Computes the population parity (popcount mod 2) of a 16-bit value
 144           * using XOR folding.  Optimised for the 8051 instruction set:
 145           *   1. XOR the high byte into the low byte (one 8-bit XOR).
 146           *   2. Fold the resulting byte: nibbles, pairs, then single bit.
 147           * Total: 5 XORs + 3 shifts + 1 AND -- no branches, no lookup table.
 148           *
 149           * Returns: 0 if the number of set bits is even, 1 if odd.
 150           * ========================================================================= */
 151          static uint8_t parity16(uint16_t v)
 152          {
 153   1          uint8_t x;
 154   1      
 155   1          x = (uint8_t)(v >> 8) ^ (uint8_t)(v);
 156   1          x ^= x >> 4;
 157   1          x ^= x >> 2;
 158   1          x ^= x >> 1;
 159   1      
 160   1          return (x & 1u);
 161   1      }
 162          
 163          /* 
 164           * DELTA SOLVER
 165           */
 166          static uint16_t solve_pesec_delta(uint8_t synd_gap)
 167          {
 168   1          uint16_t delta_vec = 0;
 169   1          uint8_t  b, chunk, val;
 170   1      
 171   1          for (b = 0; b < pesec_num_blocks; b++)
 172   1          {
 173   2              chunk = synd_gap & pesec_chunk_masks[b];
 174   2      
 175   2              if (chunk != 0)
 176   2              {
 177   3                  val = chunk >> pesec_bit_offsets[b];
 178   3                  delta_vec |= (1 << (pesec_col_offsets[b] + val - 1));
C51 COMPILER V9.60.7.0   TX_ECC                                                            05/04/2026 12:33:31 PAGE 4   

 179   3              }
 180   2          }
 181   1      
 182   1          return delta_vec;
 183   1      }
 184          
 185          /* 
 186           * MAIN ECC FUNCTION
 187           * Called after each nibble encoding cycle in process_nibble().
 188           *
 189           * Steps:
 190           *   1. Compute syndrome of data bits (Matrix A x current_bus_state)
 191           *   2. Compute syndrome of redundancy bits (Matrix D x pesec_redundancy_reg)
 192           *   3. XOR to find the syndrome gap
 193           *   4. Solve for the optimal redundancy-bit flip vector
 194           *   5. Apply the differential update to pesec_redundancy_reg
 195           *   6. [W4] Compute overall even parity of all 25 bits
 196           *   7. Output all 26 bits to shift registers
 197           * ========================================================================= */
 198          void ECC(void)
 199          {
 200   1          uint8_t  synd_data;
 201   1          uint8_t  synd_red;
 202   1          uint8_t  synd_diff;
 203   1          uint16_t delta_vector;
 204   1      
 205   1          /* Step 1: Syndrome of the new data */
 206   1          synd_data = get_data_pesec_synd(current_bus_state);
 207   1      
 208   1          /* Step 2: Syndrome of the current redundancy */
 209   1          synd_red = get_red_pesec_synd(pesec_redundancy_reg);
 210   1      
 211   1          /* Step 3: Syndrome gap */
 212   1          synd_diff = synd_data ^ synd_red;
 213   1      
 214   1          /* Step 4: Solve for minimal redundancy flip */
 215   1          delta_vector = solve_pesec_delta(synd_diff);
 216   1      
 217   1          /* Step 5: Apply differential update */
 218   1          pesec_redundancy_reg ^= delta_vector;
 219   1      
 220   1          /* Step 6: [W4] Compute overall even parity of all 25 bits.
 221   1           *
 222   1           * P = parity(data[14:0]) XOR parity(redundancy[9:0])
 223   1           *
 224   1           * The parity of the 25-bit concatenation [data | red] equals the
 225   1           * XOR of the individual parities because parity is linear over
 226   1           * disjoint bit fields.  The receiver checks:
 227   1           *   received_P XOR parity(received_data) XOR parity(received_red)
 228   1           * and combines the result with the PESEC syndrome to distinguish
 229   1           * single errors (correctable) from double errors (detectable). */
 230   1          pesec_overall_parity = parity16(current_bus_state & BUS_STATE_MASK)
 231   1                               ^ parity16(pesec_redundancy_reg & PESEC_RED_MASK);
 232   1      
 233   1          /* Step 7: Output 26 bits to daisy-chained shift registers */
 234   1          output_to_shift_registers();
 235   1      }


MODULE INFORMATION:   STATIC OVERLAYABLE
   CODE SIZE        =    620    ----
   CONSTANT SIZE    =   ----    ----
C51 COMPILER V9.60.7.0   TX_ECC                                                            05/04/2026 12:33:31 PAGE 5   

   XDATA SIZE       =     78    ----
   PDATA SIZE       =   ----    ----
   DATA SIZE        =      3      15
   IDATA SIZE       =   ----    ----
   BIT SIZE         =   ----    ----
END OF MODULE INFORMATION.


C51 COMPILATION COMPLETE.  0 WARNING(S),  0 ERROR(S)
