C51 COMPILER V9.60.7.0   TX_ENCODER                                                        05/19/2026 12:44:07 PAGE 1   


C51 COMPILER V9.60.7.0, COMPILATION OF MODULE TX_ENCODER
OBJECT MODULE PLACED IN .\Objects\tx_encoder.obj
COMPILER INVOKED BY: C:\Keil_v5\C51\BIN\C51.EXE tx_encoder.c OPTIMIZE(8,SPEED) BROWSE DEBUG OBJECTEXTEND PRINT(.\Listing
                    -s\tx_encoder.lst) TABS(2) OBJECT(.\Objects\tx_encoder.obj)

line level    source

   1          /* File: encoder.c
   2           * Group 2: H1-Type Bus Encoding & UART Character Handling
   3           * Target: ADuC841 (8052 single-cycle core)
   4           *
   5           * Contains:
   6           *   - current_bus_state: the 15-bit physical bus vector
   7           *   - Syndrome computation (on-the-fly, no lookup tables)
   8           *   - Minimal-weight codeword selection (O(1) for H1-type matrices)
   9           *   - process_nibble(): stateful differential encoder
  10           *   - tx_handler(): UART byte -> nibble splitter
  11           *
  12           * FIX LOG:
  13           *   [W4] tx_handler '=' reset now also clears pesec_overall_parity
  14           *        to ensure the 26th bit is zero after a full bus reset.
  15           *
  16           * Portability: No hardware dependencies.  Calls ECC() from Group 3.
  17           */
  18          
  19          #include "tx_header.h"
  20          
  21          /* 
  22           * STATE VARIABLE DEFINITIONS  (owned by this module)
  23           */
  24          
  25          uint16_t current_bus_state = 0;
  26          
  27          /* =========================================================================
  28           * SYNDROME COMPUTATION
  29           * ========================================================================= */
  30          uint8_t compute_syndrome_from_bus(uint16_t bus_state)
  31          {
  32   1          uint8_t  syndrome = 0;
  33   1          uint8_t  col_idx;
  34   1          uint16_t temp_state;
  35   1      
  36   1          temp_state = bus_state & BUS_STATE_MASK;
  37   1      
  38   1          for (col_idx = 1; col_idx <= HAMMING_N; col_idx++)
  39   1          {
  40   2              if (temp_state & 0x0001)
  41   2              {
  42   3                  syndrome ^= col_idx;
  43   3              }
  44   2              temp_state >>= 1;
  45   2          }
  46   1      
  47   1          return syndrome;
  48   1      }
  49          
  50          /* 
  51           * MINIMAL-WEIGHT CODEWORD SEARCH
  52           */
  53          uint16_t find_minimal_w(uint8_t s_target)
  54          {
C51 COMPILER V9.60.7.0   TX_ENCODER                                                        05/19/2026 12:44:07 PAGE 2   

  55   1          s_target &= 0x0F;
  56   1      
  57   1          if (s_target == 0)
  58   1          {
  59   2              return 0;
  60   2          }
  61   1      
  62   1          return ((uint16_t)1 << (s_target - 1));
  63   1      }
  64          
  65          /* 
  66           * PROCESS NIBBLE  (Core Stateful Encoder)
  67           */
  68          void process_nibble(uint8_t s_new)
  69          {
  70   1          uint8_t  s_old;
  71   1          uint8_t  s_target;
  72   1          uint16_t w;
  73   1      
  74   1          s_new &= 0x0F;
  75   1      
  76   1          s_old = compute_syndrome_from_bus(current_bus_state);
  77   1      
  78   1          s_target = s_new ^ s_old;
  79   1      
  80   1          w = find_minimal_w(s_target);
  81   1      
  82   1          current_bus_state ^= w;
  83   1          current_bus_state &= BUS_STATE_MASK;
  84   1      
  85   1          ECC();
  86   1      }
  87          
  88          /* 
  89           * TX HANDLER  (UART Character -> Nibble Splitter)
  90           */
  91          void tx_handler(uint8_t rx_char)
  92          {
  93   1          uint8_t high_nibble;
  94   1          uint8_t low_nibble;
  95   1      
  96   1          /* --- Batch terminators -- silently discard '\r' and '\n' so the
  97   1             host can use either line ending without encoding it as data. */
  98   1          if (rx_char == '\r' || rx_char == '\n')
  99   1          {
 100   2              return;
 101   2          }
 102   1      
 103   1          /* --- Full reset command --- */
 104   1          if (rx_char == '=')
 105   1          {
 106   2              /* Reset encoder state */
 107   2              current_bus_state = 0;
 108   2      
 109   2              /* Reset ECC redundancy register to stay in sync */
 110   2              pesec_redundancy_reg = 0;
 111   2      
 112   2              /* [W4] Reset overall parity bit so the 26th output is zero.
 113   2               * After reset, all 26 bits (data + red + parity) are zero,
 114   2               * which the RX detects as a bus-reset condition. */
 115   2              pesec_overall_parity = 0;
 116   2      
C51 COMPILER V9.60.7.0   TX_ENCODER                                                        05/19/2026 12:44:07 PAGE 3   

 117   2              /* Hardware clear of shift registers (Mode 1) */
 118   2              flag_t2_mod = 1;
 119   2              counter_t2  = 0;
 120   2              TH2 = T2_RELOAD_H;
 121   2              TL2 = T2_RELOAD_L;
 122   2              TR2 = 1;
 123   2      
 124   2              while (TR2 == 1);
 125   2      
 126   2              return;
 127   2          }
 128   1      
 129   1          /* --- Normal data character: split into two nibbles --- */
 130   1          high_nibble = (rx_char >> 4) & 0x0F;
 131   1          low_nibble  = rx_char & 0x0F;
 132   1      
 133   1          process_nibble(high_nibble);
 134   1      
 135   1          process_nibble(low_nibble);
 136   1      }


MODULE INFORMATION:   STATIC OVERLAYABLE
   CODE SIZE        =    152    ----
   CONSTANT SIZE    =   ----    ----
   XDATA SIZE       =   ----    ----
   PDATA SIZE       =   ----    ----
   DATA SIZE        =      2       1
   IDATA SIZE       =   ----    ----
   BIT SIZE         =   ----    ----
END OF MODULE INFORMATION.


C51 COMPILATION COMPLETE.  0 WARNING(S),  0 ERROR(S)
