C51 COMPILER V9.60.7.0   TX_MAIN                                                           04/26/2026 14:13:31 PAGE 1   


C51 COMPILER V9.60.7.0, COMPILATION OF MODULE TX_MAIN
OBJECT MODULE PLACED IN .\Objects\tx_main.obj
COMPILER INVOKED BY: C:\Keil_v5\C51\BIN\C51.EXE tx_main.c OPTIMIZE(8,SPEED) BROWSE DEBUG OBJECTEXTEND PRINT(.\Listings\t
                    -x_main.lst) TABS(2) OBJECT(.\Objects\tx_main.obj)

line level    source

   1          /* File: main.c
   2           * Group 1: Main Loop & Hardware Peripherals
   3           * Target: ADuC841 (8052 single-cycle core, 11.0592 MHz crystal)
   4           *
   5           * Contains:
   6           *   - State variables for UART reception and Timer2 hardware
   7           *   - All peripheral initialisation (Timers, UART, Ports)
   8           *   - Interrupt Service Routines (UART, Timer2)
   9           *   - Shift-register output driver (26-bit: 1 parity + 10 ECC + 15 data)
  10           *   - Main entry point and event loop
  11           *
  12           * FIX LOG:
  13           *   [C1] Added PLLCON write (CD=0) so core runs at full 11.0592 MHz.
  14           *   [M1] Moved GlobalINT() to end of init sequence.
  15           *   [M2] Corrected Timer 2 reload to T2_RELOAD constants.
  16           *   [M4] Replaced single-byte UART capture with ring buffer.
  17           *   [N1] Removed redundant EA=1 from Init_Timer2().
  18           *   [N3] Replaced hardcoded reload values with T2_RELOAD_H/L constants.
  19           *   [W4] output_to_shift_registers() now shifts 26 bits: the overall
  20           *        parity bit (from tx_ecc.c) is shifted out first, followed by
  21           *        the 10 ECC redundancy bits and 15 data bits.
  22           */
  23          
  24          #include "tx_header.h"
  25          
  26          /*
  27           * STATE VARIABLE DEFINITIONS  (owned by this module)
  28           */
  29          
  30          /* UART / main-loop flags */
  31          volatile bit    buffer_flag  = 0;
  32          volatile uint8_t buffer_count = 0;
  33          
  34          /* [M4] UART receive ring buffer */
  35          volatile uint8_t rx_buf[RX_BUF_SIZE];
  36          volatile uint8_t rx_head = 0;
  37          volatile uint8_t rx_tail = 0;
  38          
  39          /* Timer 2 shift-register driver state */
  40          volatile uint8_t counter_t2   = 0;
  41          volatile uint8_t flag_t2_mod  = 0;
  42          
  43          /* PESEC block configuration (passed to ECC init at startup) */
  44          static uint8_t pesec_config[] = {3, 2};
  45          
  46          /* 
  47           * HARDWARE INITIALISATION
  48           */
  49          
  50          void Port_Init(void)
  51          {
  52   1          SR_CLK   = 0;
  53   1          SR_LATCH = 1;
  54   1          SR_CLR   = 1;
C51 COMPILER V9.60.7.0   TX_MAIN                                                           04/26/2026 14:13:31 PAGE 2   

  55   1      }
  56          
  57          void Init_Timer2(void)
  58          {
  59   1          T2CON  = 0x00;
  60   1          RCAP2H = T2_RELOAD_H;
  61   1          RCAP2L = T2_RELOAD_L;
  62   1          ET2    = 1;
  63   1          TR2    = 0;
  64   1      }
  65          
  66          /* [C1] Timer 1 Mode 2 (8-bit autoreload) for 9600 baud. */
  67          void BaudRate_Init(void)
  68          {
  69   1          TMOD &= 0x0F;
  70   1          TMOD |= 0x20;
  71   1          TH1   = 0xDC;
  72   1          TL1   = 0xDC;
  73   1          TR1   = 1;
  74   1      }
  75          
  76          void UART_Init(void)
  77          {
  78   1          SM0 = 0;
  79   1          SM1 = 1;
  80   1          REN = 1;
  81   1          RI  = 0;
  82   1          TI  = 0;
  83   1          ES  = 1;
  84   1      }
  85          
  86          void GlobalINT(void)
  87          {
  88   1          EA = 1;
  89   1      }
  90          
  91          /* 
  92           * INTERRUPT ROUTINES
  93           */
  94          
  95          void UART_ISR(void) interrupt 4
  96          {
  97   1          if (RI)
  98   1          {
  99   2              uint8_t next_head;
 100   2              RI = 0;
 101   2      
 102   2              next_head = (rx_head + 1) % RX_BUF_SIZE;
 103   2              if (next_head != rx_tail)
 104   2              {
 105   3                  rx_buf[rx_head] = SBUF;
 106   3                  rx_head = next_head;
 107   3              }
 108   2          }
 109   1          if (TI)
 110   1          {
 111   2              TI = 0;
 112   2          }
 113   1      }
 114          
 115          void Timer2_ISR(void) interrupt 5
 116          {
C51 COMPILER V9.60.7.0   TX_MAIN                                                           04/26/2026 14:13:31 PAGE 3   

 117   1          TF2 = 0;
 118   1      
 119   1          if (flag_t2_mod == 0)
 120   1          {
 121   2              if (counter_t2 < 2)
 122   2              {
 123   3                  SR_CLK = !SR_CLK;
 124   3                  counter_t2++;
 125   3              }
 126   2              else
 127   2              {
 128   3                  TR2    = 0;
 129   3                  SR_CLK = 0;
 130   3              }
 131   2          }
 132   1          else if (flag_t2_mod == 1)
 133   1          {
 134   2              if (counter_t2 < 4)
 135   2              {
 136   3                  SR_CLR   = 0;
 137   3                  SR_LATCH = 0;
 138   3                  SR_CLK   = !SR_CLK;
 139   3                  counter_t2++;
 140   3              }
 141   2              else
 142   2              {
 143   3                  TR2        = 0;
 144   3                  SR_CLK     = 0;
 145   3                  SR_LATCH   = 1;
 146   3                  SR_CLR     = 1;
 147   3                  flag_t2_mod = 0;
 148   3              }
 149   2          }
 150   1          else if (flag_t2_mod == 2)
 151   1          {
 152   2              if (counter_t2 < 2)
 153   2              {
 154   3                  SR_LATCH = !SR_LATCH;
 155   3                  counter_t2++;
 156   3              }
 157   2              else
 158   2              {
 159   3                  TR2         = 0;
 160   3                  flag_t2_mod = 0;
 161   3              }
 162   2          }
 163   1      }
 164          
 165          /* 
 166           * SHIFT-REGISTER OUTPUT DRIVER
 167           * [W4] Serialises the full 26-bit word (1 parity + 10 ECC + 15 data,
 168           * MSB-first) into daisy-chained 74HC595 shift registers, then pulses
 169           * the latch.
 170           *
 171           * SHIFT ORDER (first bit shifted -> farthest chain position):
 172           *   Phase 0:  1 overall parity bit  (pesec_overall_parity)
 173           *   Phase 1: 10 ECC redundancy bits (pesec_redundancy_reg, MSB-first)
 174           *   Phase 2: 15 data bits           (current_bus_state, MSB-first)
 175           *   Phase 3:  Latch pulse
 176           *
 177           * The parity bit is shifted first so it arrives at the output pin
 178           * connected to the Arduino Mega's PC7 (pin 30).  The ECC and data
C51 COMPILER V9.60.7.0   TX_MAIN                                                           04/26/2026 14:13:31 PAGE 4   

 179           * bits retain their original mapping.
 180           */
 181          void output_to_shift_registers(void)
 182          {
 183   1          uint16_t state_copy;
 184   1          uint16_t ecc_copy;
 185   1          uint8_t  parity_copy;
 186   1          signed char bit_pos;
 187   1          uint8_t bit_value;
 188   1      
 189   1          /* Snapshot all three values for consistency during output. */
 190   1          state_copy  = current_bus_state & BUS_STATE_MASK;
 191   1          ecc_copy    = pesec_redundancy_reg & PESEC_RED_MASK;
 192   1          parity_copy = pesec_overall_parity & 0x01u;
 193   1      
 194   1          /* [FIX] Ensure Mode-0 (single clock-pulse) for all bit shifts.
 195   1           * Guards against stale flag_t2_mod if this function is ever
 196   1           * entered from an unexpected context. */
 197   1          flag_t2_mod = 0;
 198   1      
 199   1          /* --- Phase 0: [W4] Shift out 1 overall parity bit --- */
 200   1          SR_DATA = parity_copy;
 201   1      
 202   1          counter_t2 = 0;
 203   1          TH2 = T2_RELOAD_H;
 204   1          TL2 = T2_RELOAD_L;
 205   1          TR2 = 1;
 206   1          while (TR2 == 1);
 207   1      
 208   1          /* --- Phase 1: Shift out 10 ECC redundancy bits (MSB-first) --- */
 209   1          for (bit_pos = 9; bit_pos >= 0; bit_pos--)
 210   1          {
 211   2              bit_value = (uint8_t)((ecc_copy >> bit_pos) & 0x0001);
 212   2              SR_DATA   = bit_value;
 213   2      
 214   2              counter_t2 = 0;
 215   2              TH2 = T2_RELOAD_H;
 216   2              TL2 = T2_RELOAD_L;
 217   2              TR2 = 1;
 218   2              while (TR2 == 1);
 219   2          }
 220   1      
 221   1          /* --- Phase 2: Shift out 15 data bits (MSB-first) --- */
 222   1          for (bit_pos = (HAMMING_N - 1); bit_pos >= 0; bit_pos--)
 223   1          {
 224   2              bit_value = (uint8_t)((state_copy >> bit_pos) & 0x0001);
 225   2              SR_DATA   = bit_value;
 226   2      
 227   2              counter_t2 = 0;
 228   2              TH2 = T2_RELOAD_H;
 229   2              TL2 = T2_RELOAD_L;
 230   2              TR2 = 1;
 231   2              while (TR2 == 1);
 232   2          }
 233   1      
 234   1          /* --- Phase 3: Latch pulse (transfer shift reg -> output reg) --- */
 235   1          flag_t2_mod = 2;
 236   1          counter_t2  = 0;
 237   1          TH2 = T2_RELOAD_H;
 238   1          TL2 = T2_RELOAD_L;
 239   1          TR2 = 1;
 240   1          while (TR2 == 1);
C51 COMPILER V9.60.7.0   TX_MAIN                                                           04/26/2026 14:13:31 PAGE 5   

 241   1      }
 242          
 243          /* 
 244           * MAIN ENTRY POINT
 245           */
 246          void main(void)
 247          {
 248   1          /* [FIX] ADuC841: CD=0 for full-speed core (11.0592 MHz).
 249   1           * Per datasheet p.49, all non-CD bits in PLLCON are reserved
 250   1           * on the ADuC841 and must be written as 0.  The previous
 251   1           * read-modify-write (PLLCON & 0xF8) left reserved bits 6
 252   1           * and 4 set from the power-on default of 0x53. */
 253   1          PLLCON = 0x00;
 254   1      
 255   1          Port_Init();
 256   1          BaudRate_Init();
 257   1          UART_Init();
 258   1          Init_Timer2();
 259   1      
 260   1          Init_PESEC_Matrices(pesec_config, 2);
 261   1      
 262   1          GlobalINT();
 263   1      
 264   1          while (1)
 265   1          {
 266   2              if (rx_tail != rx_head)
 267   2              {
 268   3                  uint8_t rx_byte = rx_buf[rx_tail];
 269   3                  rx_tail = (rx_tail + 1) % RX_BUF_SIZE;
 270   3                  tx_handler(rx_byte);
 271   3              }
 272   2      
 273   2              if (buffer_flag)
 274   2              {
 275   3                  /* No ES guard needed: UART_ISR does not touch buffer_flag or
 276   3                   * buffer_count, so single-byte writes are atomic on the 8052
 277   3                   * and cannot race with the ISR. */
 278   3                  buffer_flag  = 0;
 279   3                  buffer_count = 0;
 280   3              }
 281   2          }
 282   1      }


MODULE INFORMATION:   STATIC OVERLAYABLE
   CODE SIZE        =    415    ----
   CONSTANT SIZE    =   ----    ----
   XDATA SIZE       =   ----    ----
   PDATA SIZE       =   ----    ----
   DATA SIZE        =     23       6
   IDATA SIZE       =   ----    ----
   BIT SIZE         =      1    ----
END OF MODULE INFORMATION.


C51 COMPILATION COMPLETE.  0 WARNING(S),  0 ERROR(S)
