C51 COMPILER V9.60.7.0   RX_MAIN                                                           04/21/2026 15:24:35 PAGE 1   


C51 COMPILER V9.60.7.0, COMPILATION OF MODULE RX_MAIN
OBJECT MODULE PLACED IN .\Objects\rx_main.obj
COMPILER INVOKED BY: C:\Keil_v5\C51\BIN\C51.EXE rx_main.c OPTIMIZE(8,SPEED) BROWSE DEBUG OBJECTEXTEND PRINT(.\Listings\r
                    -x_main.lst) TABS(2) OBJECT(.\Objects\rx_main.obj)

line level    source

   1          /* 
   2             File: rx_main.c
   3             Module: Group 1 Main entry point and pipeline loop (SPI Slave version)
   4          
   5             MODIFICATION SUMMARY:
   6               The main loop now snapshots rx_spi_parity alongside data and
   7               redundancy, and passes it to rx_pesec_correct() for SEC+DED decoding.
   8               The reset detection (rx_is_bus_reset) is unchanged: all 26 bits
   9               (data + red + parity) are zero after a TX '=' reset.
  10          
  11             Pipeline stages:
  12               (Stage A: handled by SPI ISR -- see rx_hw.c)
  13               Stage B: rx_is_bus_reset()        (decoder -- reset detect)
  14               Stage C: rx_pesec_correct()       (ecc -- 26-bit SEC+DED)
  15               Stage D: rx_correct_bus_state()   (ecc -- H1 differential)
  16               Stage E: rx_process_bus_state()   (decoder -- nibble FSM)
  17          */
  18          
  19          #include "rx_system.h"
  20          
  21          /* 
  22             PESEC block configuration -- MUST MATCH THE TX ENCODER.
  23             
  24          */
  25          static uint8_t pesec_config[] = {3, 2};
  26          
  27          
  28          /* 
  29             rx_perform_full_reset
  30             
  31          */
  32          static void rx_perform_full_reset(void)
  33          {
  34   1          rx_previous_bus_state = 0;
  35   1      
  36   1          rx_errors_corrected  = 0;
  37   1          rx_errors_detected   = 0;
  38   1          rx_pesec_corrections = 0;
  39   1      
  40   1          rx_reset_state_machine();
  41   1      }
  42          
  43          
  44          /* 
  45             main
  46          */
  47          void main(void)
  48          {
  49   1          uint16_t raw_data;
  50   1          uint16_t raw_red;
  51   1          uint8_t  raw_parity;        /* [W4] Overall parity from 26th bit */
  52   1          uint16_t corrected_data;
  53   1      
  54   1          /* Set core clock to full crystal speed. */
C51 COMPILER V9.60.7.0   RX_MAIN                                                           04/21/2026 15:24:35 PAGE 2   

  55   1          PLLCON = 0x00;
  56   1      
  57   1          /* Enable internal 2 KB XRAM. */
  58   1          CFG841 |= 0x01;
  59   1      
  60   1          /* Hardware initialisation. */
  61   1          RX_Timer3_Init();
  62   1          RX_UART_Init();
  63   1          RX_SPI_Slave_Init();
  64   1      
  65   1          /* PESEC matrix initialisation. */
  66   1          rx_init_pesec_matrices(pesec_config, 2);
  67   1      
  68   1          /* Decoder and error-correction module reset. */
  69   1          rx_reset_state_machine();
  70   1          rx_previous_bus_state = 0;
  71   1          rx_errors_corrected   = 0;
  72   1          rx_errors_detected    = 0;
  73   1          rx_pesec_corrections  = 0;
  74   1      
  75   1          /* Enable global interrupts LAST. */
  76   1          EA = 1;
  77   1      
  78   1          /* Boot-message handshake.  Seeing "RX-READY\r\n" on PuTTY
  79   1             confirms the UART path (SCON mode + Timer 3 baud + TxD pin) is
  80   1             working, independently of any SPI ingress or PESEC/H1 logic.
  81   1             Enqueue via the ring buffer; the pump below will flush it. */
  82   1          rx_send_uart_byte('R');
  83   1          rx_send_uart_byte('X');
  84   1          rx_send_uart_byte('-');
  85   1          rx_send_uart_byte('R');
  86   1          rx_send_uart_byte('E');
  87   1          rx_send_uart_byte('A');
  88   1          rx_send_uart_byte('D');
  89   1          rx_send_uart_byte('Y');
  90   1          rx_send_uart_byte('\r');
  91   1          rx_send_uart_byte('\n');
  92   1      
  93   1          /* Main pipeline loop. */
  94   1          while (1)
  95   1          {
  96   2              rx_uart_pump();
  97   2      
  98   2              if (rx_spi_frame_ready)
  99   2              {
 100   3                  uint8_t pesec_result;
 101   3      
 102   3                  /* Atomically snapshot the SPI staging registers.
 103   3                     Now also captures the overall parity bit. */
 104   3                  EA = 0;
 105   3                  raw_data   = rx_spi_data;
 106   3                  raw_red    = rx_spi_red;
 107   3                  raw_parity = rx_spi_parity;    /* [W4] */
 108   3                  rx_spi_frame_ready = 0;
 109   3                  EA = 1;
 110   3      
 111   3                  /* 'F' = a full 4-byte frame was assembled and handed
 112   3                     to the main loop.  If you see 'F' but no decoded bytes,
 113   3                     the SPI layer is fine and the PESEC/H1 layer is rejecting. */
 114   3                  //rx_send_uart_byte('F');
 115   3      
 116   3                  /* Stage B: TX reset detection. */
C51 COMPILER V9.60.7.0   RX_MAIN                                                           04/21/2026 15:24:35 PAGE 3   

 117   3                  if (rx_is_bus_reset(raw_data, raw_red))
 118   3                  {
 119   4                      //rx_send_uart_byte('R');   /* [DBG] reset frame */
 120   4                      rx_perform_full_reset();
 121   4                      continue;
 122   4                  }
 123   3      
 124   3                  /* Stage C: SEC+DED PESEC error correction. */
 125   3                  pesec_result = rx_pesec_correct(&raw_data, &raw_red, raw_parity);
 126   3                  if (pesec_result == PESEC_UNCORRECTABLE)
 127   3                  {
 128   4                      //rx_send_uart_byte('U');   /* [DBG] PESEC uncorrectable */
 129   4                      continue;
 130   4                  }
 131   3                  /*if (pesec_result == PESEC_CORRECTED_DATA)  rx_send_uart_byte('d');
 132   3                  if (pesec_result == PESEC_CORRECTED_RED)   rx_send_uart_byte('r');
 133   3                  if (pesec_result == PESEC_CORRECTED_PARITY)rx_send_uart_byte('p');*/
 134   3      
 135   3                  /* Stage D: H1 differential validation. */
 136   3                  corrected_data = rx_correct_bus_state(raw_data);
 137   3      
 138   3                  /* Stage E: Nibble extraction and byte reassembly. */
 139   3                  rx_process_bus_state(corrected_data);
 140   3      
 141   3                  rx_states_processed++;
 142   3              }
 143   2          }
 144   1      }


MODULE INFORMATION:   STATIC OVERLAYABLE
   CODE SIZE        =    241    ----
   CONSTANT SIZE    =   ----    ----
   XDATA SIZE       =   ----    ----
   PDATA SIZE       =   ----    ----
   DATA SIZE        =      2       8
   IDATA SIZE       =   ----    ----
   BIT SIZE         =   ----    ----
END OF MODULE INFORMATION.


C51 COMPILATION COMPLETE.  0 WARNING(S),  0 ERROR(S)
