C51 COMPILER V9.60.7.0   RX_DECODER                                                        01/14/2026 22:42:56 PAGE 1   


C51 COMPILER V9.60.7.0, COMPILATION OF MODULE RX_DECODER
OBJECT MODULE PLACED IN .\Objects\rx_decoder.obj
COMPILER INVOKED BY: C:\Keil_v5\C51\BIN\C51.EXE rx_decoder.c OPTIMIZE(8,SPEED) BROWSE DEBUG OBJECTEXTEND PRINT(.\Listing
                    -s\rx_decoder.lst) TABS(2) OBJECT(.\Objects\rx_decoder.obj)

line level    source

   1          /* File: rx_decoder.c
   2           * Uses PROVIDED decoding logic
   3           */
   4          #include <aduc841.h>
   5          #include <string.h>
   6          #include "header.h"
   7          
   8          void get_S_from_X(const uint8_t *X_vector, uint8_t hamming_R, uint8_t *S_output)
   9          {
  10   1          /* Renamed variable to avoid conflict with #define HAMMING_N in header.h */
  11   1          uint8_t hamming_n_limit; 
  12   1          uint8_t i;
  13   1          uint8_t position_val = 0;
  14   1          
  15   1          /* Calculate N based on R input (2^R - 1) */
  16   1          hamming_n_limit = (1 << hamming_R) - 1;
  17   1          
  18   1          /* Find position of '1' bit */
  19   1          for (i = 0; i < hamming_n_limit; i++)
  20   1          {
  21   2              if (X_vector[i] != 0)
  22   2              {
  23   3                  position_val = i + 1;
  24   3                  break;
  25   3              }
  26   2          }
  27   1          
  28   1          /* Reset output */
  29   1          memset(S_output, 0, hamming_R);
  30   1          
  31   1          /* Convert position to binary array (MSB first) */
  32   1          if (position_val > 0)
  33   1          {
  34   2              for (i = 0; i < hamming_R; i++)
  35   2              {
  36   3                  S_output[i] = (uint8_t)((position_val >> (hamming_R - 1 - i)) & 0x01);
  37   3              }
  38   2          }
  39   1      }
  40          
  41          uint8_t bits_to_decimal(const uint8_t *bits, uint8_t length)
  42          {
  43   1          uint8_t result = 0;
  44   1          uint8_t i;
  45   1          
  46   1          for (i = 0; i < length; i++)
  47   1          {
  48   2              result = (result << 1) | (bits[i] & 0x01);
  49   2          }
  50   1          
  51   1          return result;
  52   1      }


C51 COMPILER V9.60.7.0   RX_DECODER                                                        01/14/2026 22:42:56 PAGE 2   

MODULE INFORMATION:   STATIC OVERLAYABLE
   CODE SIZE        =    173    ----
   CONSTANT SIZE    =   ----    ----
   XDATA SIZE       =   ----    ----
   PDATA SIZE       =   ----    ----
   DATA SIZE        =   ----      12
   IDATA SIZE       =   ----    ----
   BIT SIZE         =   ----    ----
END OF MODULE INFORMATION.


C51 COMPILATION COMPLETE.  0 WARNING(S),  0 ERROR(S)
