C51 COMPILER V9.60.7.0   RX_DECODER                                                        03/16/2026 15:50:26 PAGE 1   


C51 COMPILER V9.60.7.0, COMPILATION OF MODULE RX_DECODER
OBJECT MODULE PLACED IN .\Objects\rx_decoder.obj
COMPILER INVOKED BY: C:\Keil_v5\C51\BIN\C51.EXE rx_decoder.c OPTIMIZE(8,SPEED) BROWSE DEBUG OBJECTEXTEND PRINT(.\Listing
                    -s\rx_decoder.lst) TABS(2) OBJECT(.\Objects\rx_decoder.obj)

line level    source

   1          /* =============================================================================
   2             File: rx_decoder.c
   3             Module: Group 2 -- Decoding Logic
   4             Implementation of syndrome computation, nibble FSM, state reset,
   5             and TX reset detection.
   6          
   7             Dependencies:
   8               rx_hw.h  ->  rx_send_uart_byte()  (UART output, hardware module)
   9          
  10             Portability:
  11               rx_compute_syndrome(), rx_reset_state_machine(), and rx_is_bus_reset()
  12               contain no hardware calls and can run on any host.
  13               rx_process_bus_state() calls rx_send_uart_byte() once per assembled
  14               byte; substitute any byte-output routine when porting.
  15             =============================================================================
  16          */
  17          
  18          #include "rx_system.h"
  19          
  20          /* ---------------------------------------------------------------------------
  21             Module-private state variables
  22             Defined here; declared extern in rx_decoder.h.
  23             ---------------------------------------------------------------------------
  24          */
  25          
  26          /* [N1] volatile removed: no ISRs access these variables.
  27             All access is from the main-loop call chain only.
  28             [MEM] Placed in XDATA to free DATA space (7 bytes saved). */
  29          
  30          /* Current position in the nibble-reassembly FSM. */
  31          rx_state_t xdata rx_current_state    = RX_STATE_WAIT_HIGH;
  32          
  33          /* High nibble stored between the WAIT_HIGH and WAIT_LOW calls. */
  34          uint8_t    xdata rx_stored_high_nibble = 0;
  35          
  36          /* Pulsed to 1 each time a complete byte is dispatched via UART. */
  37          uint8_t    xdata rx_byte_ready       = 0;
  38          
  39          /* Cumulative bytes successfully decoded and transmitted. */
  40          uint16_t   xdata rx_bytes_decoded    = 0;
  41          
  42          /* Cumulative bus states processed (incremented by rx_main.c). */
  43          uint16_t   xdata rx_states_processed = 0;
  44          
  45          
  46          /* ---------------------------------------------------------------------------
  47             rx_compute_syndrome
  48             ---------------------------------------------------------------------------
  49             Computes S = H * bus_state^T on-the-fly using bitwise XOR.
  50          
  51             Algorithm:
  52               Iterate over bit positions j = 0 .. (HAMMING_N - 1).
  53               For each bit j that is set in bus_state, XOR the syndrome
  54               accumulator with the column index (j + 1).
C51 COMPILER V9.60.7.0   RX_DECODER                                                        03/16/2026 15:50:26 PAGE 2   

  55          
  56             Equivalence to matrix multiplication:
  57               The H1-type matrix stores the value (j+1) in column (j+1).
  58               By linearity of XOR over GF(2):
  59                   H * bus_state^T  =  XOR{ (j+1) : bit j set }
  60             ---------------------------------------------------------------------------
  61          */
  62          uint8_t rx_compute_syndrome(uint16_t bus_state)
  63          {
  64   1          uint8_t  syndrome = 0;
  65   1          uint8_t  col_idx;
  66   1          uint16_t temp;
  67   1      
  68   1          temp = bus_state & BUS_STATE_MASK;
  69   1      
  70   1          for (col_idx = 1; col_idx <= HAMMING_N; col_idx++)
  71   1          {
  72   2              if (temp & 0x0001u)
  73   2              {
  74   3                  syndrome ^= col_idx;
  75   3              }
  76   2              temp >>= 1;
  77   2          }
  78   1      
  79   1          return (syndrome & 0x0Fu);
  80   1      }
  81          
  82          
  83          /* ---------------------------------------------------------------------------
  84             rx_process_bus_state
  85             ---------------------------------------------------------------------------
  86             Nibble-reassembly FSM.  See rx_decoder.h for the full state description.
  87             ---------------------------------------------------------------------------
  88          */
  89          void rx_process_bus_state(uint16_t bus_state)
  90          {
  91   1          uint8_t data_nibble;
  92   1          uint8_t complete_byte;
  93   1      
  94   1          /* Extract the 4-bit data nibble encoded in this bus state. */
  95   1          data_nibble = rx_compute_syndrome(bus_state);
  96   1      
  97   1          switch (rx_current_state)
  98   1          {
  99   2              case RX_STATE_WAIT_HIGH:
 100   2                  /*
 101   2                     First nibble of a new byte pair.
 102   2                     Store as the high nibble (bits [7:4]) and wait for the
 103   2                     low nibble in the next bus state.
 104   2                  */
 105   2                  rx_stored_high_nibble = data_nibble & 0x0Fu;
 106   2                  rx_current_state      = RX_STATE_WAIT_LOW;
 107   2                  break;
 108   2      
 109   2              case RX_STATE_WAIT_LOW:
 110   2                  /*
 111   2                     Second nibble of the pair.
 112   2                     Combine with the stored high nibble to form a full byte.
 113   2      
 114   2                     Byte layout:
 115   2                       bits [7:4]  =  rx_stored_high_nibble  (arrived first)
 116   2                       bits [3:0]  =  data_nibble             (arrives now)
C51 COMPILER V9.60.7.0   RX_DECODER                                                        03/16/2026 15:50:26 PAGE 3   

 117   2      
 118   2                     Example:
 119   2                       high = 0x4, low = 0x1  ->  byte = 0x41 = 'A'
 120   2                  */
 121   2                  complete_byte = (uint8_t)((rx_stored_high_nibble << 4)
 122   2                                   | (data_nibble & 0x0Fu));
 123   2      
 124   2                  rx_send_uart_byte(complete_byte);
 125   2      
 126   2                  rx_bytes_decoded++;
 127   2                  rx_byte_ready         = 1;
 128   2                  rx_current_state      = RX_STATE_WAIT_HIGH;
 129   2                  rx_stored_high_nibble = 0;
 130   2                  break;
 131   2      
 132   2              default:
 133   2                  /* Should never reach here; reset to a safe, known state. */
 134   2                  rx_reset_state_machine();
 135   2                  break;
 136   2          }
 137   1      }
 138          
 139          
 140          /* ---------------------------------------------------------------------------
 141             rx_reset_state_machine
 142             ---------------------------------------------------------------------------
 143          */
 144          void rx_reset_state_machine(void)
 145          {
 146   1          rx_current_state      = RX_STATE_WAIT_HIGH;
 147   1          rx_stored_high_nibble = 0;
 148   1          rx_byte_ready         = 0;
 149   1      }
 150          
 151          
 152          /* ---------------------------------------------------------------------------
 153             rx_is_bus_reset
 154             ---------------------------------------------------------------------------
 155             Detects the TX hard-reset condition (all 25 bits zero).
 156          
 157             The TX '=' command clears both current_bus_state and pesec_redundancy_reg
 158             to zero, then hardware-clears the shift registers.  This produces an
 159             all-zero 25-bit word on the physical bus.
 160          
 161             Detection: both data and redundancy must be exactly zero.
 162          
 163             NOTE: At system startup the bus is also zero.  The main loop uses
 164             additional context (e.g., whether any states have been processed) to
 165             distinguish cold-start from mid-session reset if needed.  This
 166             function is a pure predicate; it does not perform any state changes.
 167             ---------------------------------------------------------------------------
 168          */
 169          uint8_t rx_is_bus_reset(uint16_t data_bits, uint16_t red_bits)
 170          {
 171   1          if ((data_bits == 0) && (red_bits == 0))
 172   1          {
 173   2              return 1;
 174   2          }
 175   1          return 0;
 176   1      }


C51 COMPILER V9.60.7.0   RX_DECODER                                                        03/16/2026 15:50:26 PAGE 4   

MODULE INFORMATION:   STATIC OVERLAYABLE
   CODE SIZE        =    134    ----
   CONSTANT SIZE    =   ----    ----
   XDATA SIZE       =      7    ----
   PDATA SIZE       =   ----    ----
   DATA SIZE        =   ----    ----
   IDATA SIZE       =   ----    ----
   BIT SIZE         =   ----    ----
END OF MODULE INFORMATION.


C51 COMPILATION COMPLETE.  0 WARNING(S),  0 ERROR(S)
