C51 COMPILER V9.60.7.0   RX_ECC                                                            03/16/2026 15:50:26 PAGE 1   


C51 COMPILER V9.60.7.0, COMPILATION OF MODULE RX_ECC
OBJECT MODULE PLACED IN .\Objects\rx_ecc.obj
COMPILER INVOKED BY: C:\Keil_v5\C51\BIN\C51.EXE rx_ecc.c OPTIMIZE(8,SPEED) BROWSE DEBUG OBJECTEXTEND PRINT(.\Listings\rx
                    -_ecc.lst) TABS(2) OBJECT(.\Objects\rx_ecc.obj)

line level    source

   1          /* =============================================================================
   2             File: rx_ecc.c
   3             Module: Group 3 -- Error Correction (PESEC + H1)
   4          
   5             Implementation of:
   6               - PESEC matrix construction (mirroring the TX encoder)
   7               - PESEC syndrome computation and single-bit error correction
   8               - H1 differential state tracking (secondary validation layer)
   9          
  10             Dependencies:
  11               rx_decoder.h  ->  rx_compute_syndrome()  (H1 matrix multiply)
  12               rx_types.h    ->  uint8_t, uint16_t, constants
  13          
  14             Portability:
  15               No hardware registers are accessed here.  This entire module can be
  16               compiled and unit-tested on any ISO C89 host.
  17             =============================================================================
  18          */
  19          
  20          #include "rx_system.h"
  21          
  22          /* =========================================================================
  23             MODULE STATE VARIABLES
  24             ========================================================================= */
  25          
  26          /* --- PESEC matrices (built at startup, read-only thereafter) ---
  27             [MEM] Placed in XDATA to free DATA space.  These are only accessed
  28             from the main-loop call chain, never from ISRs, so the extra
  29             MOVX cycle is acceptable.  Saves 60 bytes of DATA. */
  30          uint8_t xdata PESEC_MAT_D[20];       /* Redundancy-bit columns         */
  31          uint8_t xdata PESEC_MAT_A[40];       /* Data-bit columns               */
  32          
  33          /* --- Block solver metadata ---
  34             [MEM] XDATA: 16 bytes saved.  Main-loop only. */
  35          uint8_t xdata pesec_num_blocks;
  36          uint8_t xdata pesec_bit_offsets[MAX_PESEC_BLOCKS];
  37          uint8_t xdata pesec_col_offsets[MAX_PESEC_BLOCKS];
  38          uint8_t xdata pesec_chunk_masks[MAX_PESEC_BLOCKS];
  39          
  40          /* --- Column counts --- */
  41          uint8_t xdata pesec_num_d_cols;
  42          uint8_t xdata pesec_num_a_cols;
  43          
  44          /* --- H1 differential state ---
  45             [N1] volatile removed: no ISRs access these; main-loop only.
  46             [MEM] XDATA: 8 bytes saved. */
  47          uint16_t xdata rx_previous_bus_state = 0;
  48          uint16_t xdata rx_errors_corrected   = 0;
  49          uint16_t xdata rx_errors_detected    = 0;
  50          
  51          /* --- PESEC correction statistics --- */
  52          uint16_t xdata rx_pesec_corrections  = 0;
  53          
  54          
C51 COMPILER V9.60.7.0   RX_ECC                                                            03/16/2026 15:50:26 PAGE 2   

  55          /* =========================================================================
  56             PESEC MATRIX INITIALISATION
  57             =========================================================================
  58             This function is a direct port of the TX encoder's Init_PESEC_Matrices().
  59             It must be called with the SAME block-size configuration so that the
  60             receiver's matrices match the transmitter's exactly.
  61          
  62             For config {m1=3, m2=2} the construction proceeds as follows:
  63          
  64             Block 0 (m=3, total_m starts at 0):
  65               Columns: i << 0 for i = 1..7  ->  D = {1, 2, 3, 4, 5, 6, 7}
  66               chunk_mask = ((1<<3)-1) << 0 = 0x07
  67               bit_offset = 0, col_offset = 0
  68               total_m advances to 3
  69          
  70             Block 1 (m=2, total_m = 3):
  71               Columns: i << 3 for i = 1..3  ->  D += {8, 16, 24}
  72               chunk_mask = ((1<<2)-1) << 3 = 0x18
  73               bit_offset = 3, col_offset = 7
  74               total_m advances to 5
  75          
  76             max_syndrome = 2^5 - 1 = 31
  77          
  78             Matrix A = {val in 1..31 : val NOT in D}
  79                      = {9,10,11,12,13,14,15, 17,18,19,20,21,22,23, 25,26,27,28,29,30,31}
  80                      = 21 columns
  81          
  82             Only A[0]..A[14] correspond to physical data bits 0..14.
  83             A[15]..A[20] map to virtual positions that are always zero in the
  84             15-bit bus state, so they never contribute to the syndrome and never
  85             need correction.
  86             ========================================================================= */
  87          void rx_init_pesec_matrices(uint8_t *m_sizes, uint8_t num_blocks)
  88          {
  89   1          uint8_t i, b, val;
  90   1          uint8_t is_in_d;
  91   1          uint8_t total_m = 0;
  92   1          uint8_t current_col_offset = 0;
  93   1          uint8_t max_syndrome;
  94   1      
  95   1          pesec_num_blocks = num_blocks;
  96   1          pesec_num_d_cols = 0;
  97   1          pesec_num_a_cols = 0;
  98   1      
  99   1          /* --- Build Matrix D and pre-calculate block solver metadata --- */
 100   1          for (b = 0; b < num_blocks; b++)
 101   1          {
 102   2              pesec_bit_offsets[b] = total_m;
 103   2              pesec_col_offsets[b] = current_col_offset;
 104   2              pesec_chunk_masks[b] = ((1 << m_sizes[b]) - 1) << total_m;
 105   2      
 106   2              /* Each block contributes columns 1..(2^m - 1) shifted by total_m.
 107   2                 These are the syndrome-space values for the redundancy bits
 108   2                 belonging to this block. */
 109   2              for (i = 1; i < (1 << m_sizes[b]); i++)
 110   2              {
 111   3                  PESEC_MAT_D[pesec_num_d_cols++] = (i << total_m);
 112   3              }
 113   2      
 114   2              total_m += m_sizes[b];
 115   2              current_col_offset += ((1 << m_sizes[b]) - 1);
 116   2          }
C51 COMPILER V9.60.7.0   RX_ECC                                                            03/16/2026 15:50:26 PAGE 3   

 117   1      
 118   1          max_syndrome = (1 << total_m) - 1;
 119   1      
 120   1          /* --- Build Matrix A: syndrome-space values NOT present in D ---
 121   1             These become the columns for the data bits.  The first HAMMING_N
 122   1             columns map to physical bus bits 0..14. */
 123   1          for (val = 1; val <= max_syndrome; val++)
 124   1          {
 125   2              is_in_d = 0;
 126   2      
 127   2              for (i = 0; i < pesec_num_d_cols; i++)
 128   2              {
 129   3                  if (PESEC_MAT_D[i] == val)
 130   3                  {
 131   4                      is_in_d = 1;
 132   4                      break;
 133   4                  }
 134   3              }
 135   2      
 136   2              if (is_in_d == 0)
 137   2              {
 138   3                  PESEC_MAT_A[pesec_num_a_cols++] = val;
 139   3              }
 140   2          }
 141   1      }
 142          
 143          
 144          /* =========================================================================
 145             PESEC SYNDROME COMPUTATION (INTERNAL HELPERS)
 146             =========================================================================
 147             These are static helpers that compute partial syndromes by XOR-ing
 148             together the matrix columns selected by set bits in a register value.
 149          
 150             Identical in structure to the TX encoder's syndrome helpers, ensuring
 151             mathematical equivalence.
 152             ========================================================================= */
 153          
 154          /* ---------------------------------------------------------------------------
 155             calc_pesec_syndrome_generic
 156             ---------------------------------------------------------------------------
 157             Generic helper: for each set bit in reg_val, XOR the corresponding
 158             column from mat_ptr into the accumulator.
 159          
 160             Parameters:
 161               reg_val    Bit vector selecting columns (bit i selects mat_ptr[i]).
 162               mat_ptr    Pointer to the column array (either A or D).
 163               num_cols   Number of columns in the array.
 164             Returns:
 165               XOR accumulation of selected columns (the partial syndrome).
 166             ---------------------------------------------------------------------------
 167          */
 168          static uint8_t calc_pesec_syndrome_generic(uint16_t reg_val,
 169                                                     uint8_t *mat_ptr,
 170                                                     uint8_t  num_cols)
 171          {
 172   1          uint8_t syndrome = 0;
 173   1          uint8_t idx;
 174   1      
 175   1          for (idx = 0; idx < num_cols; idx++)
 176   1          {
 177   2              if ((reg_val >> idx) & 1u)
 178   2              {
C51 COMPILER V9.60.7.0   RX_ECC                                                            03/16/2026 15:50:26 PAGE 4   

 179   3                  syndrome ^= mat_ptr[idx];
 180   3              }
 181   2          }
 182   1      
 183   1          return syndrome;
 184   1      }
 185          
 186          
 187          /* Syndrome contribution from the 15-bit data vector via Matrix A.
 188             Only the first min(HAMMING_N, pesec_num_a_cols) bits matter because
 189             the bus state has at most 15 physical bits. */
 190          static uint8_t get_data_syndrome(uint16_t data_val)
 191          {
 192   1          return calc_pesec_syndrome_generic(data_val, PESEC_MAT_A,
 193   1                                             pesec_num_a_cols);
 194   1      }
 195          
 196          
 197          /* Syndrome contribution from the 10-bit redundancy vector via Matrix D. */
 198          static uint8_t get_red_syndrome(uint16_t red_val)
 199          {
 200   1          return calc_pesec_syndrome_generic(red_val, PESEC_MAT_D,
 201   1                                             pesec_num_d_cols);
 202   1      }
 203          
 204          
 205          /* =========================================================================
 206             PESEC ERROR CORRECTION
 207             =========================================================================
 208          
 209             MATHEMATICAL BACKGROUND
 210             ~~~~~~~~~~~~~~~~~~~~~~~
 211             The PESEC codeword is the concatenation [data(15) | redundancy(10)].
 212             The parity-check matrix H_pesec = [A | D] has the property that for
 213             any valid codeword C:
 214          
 215                 H_pesec * C^T  =  A * data^T  XOR  D * redundancy^T  =  0
 216          
 217             When the received word has a single-bit error at position k, the
 218             syndrome becomes:
 219          
 220                 S  =  column_k  (the k-th column of [A | D])
 221          
 222             Because every column of [A | D] is a unique non-zero value in the
 223             5-bit syndrome space (by construction of the H1-type sub-blocks),
 224             S uniquely identifies the error position:
 225          
 226               - If S matches A[i] (i < 15): the error is in data bit i.
 227               - If S matches D[j] (j < 10): the error is in redundancy bit j.
 228          
 229             For multi-bit errors, S will (in general) not match any single column,
 230             and the function returns PESEC_UNCORRECTABLE.
 231          
 232             CORRECTION PROCEDURE
 233             ~~~~~~~~~~~~~~~~~~~~
 234             1. Compute S = get_data_syndrome(data) XOR get_red_syndrome(red).
 235             2. If S == 0: return PESEC_NO_ERROR.
 236             3. Search A[0..14] for a match: if found at index i, flip data bit i.
 237             4. Search D[0..9] for a match: if found at index j, flip red bit j.
 238             5. No match: return PESEC_UNCORRECTABLE.
 239             ========================================================================= */
 240          uint8_t rx_pesec_correct(uint16_t *data_bits, uint16_t *red_bits)
C51 COMPILER V9.60.7.0   RX_ECC                                                            03/16/2026 15:50:26 PAGE 5   

 241          {
 242   1          uint8_t syndrome;
 243   1          uint8_t i;
 244   1          uint8_t search_limit;
 245   1      
 246   1          /* Step 1: Compute full PESEC syndrome. */
 247   1          syndrome = get_data_syndrome(*data_bits) ^ get_red_syndrome(*red_bits);
 248   1      
 249   1          /* Step 2: Zero syndrome means valid codeword, no error. */
 250   1          if (syndrome == 0)
 251   1          {
 252   2              return PESEC_NO_ERROR;
 253   2          }
 254   1      
 255   1          /* Step 3: Search data-bit columns (Matrix A).
 256   1             Only check the first HAMMING_N columns because the bus state has
 257   1             exactly 15 physical data bits.  Columns beyond index 14 correspond
 258   1             to virtual bit positions that cannot be in error. */
 259   1          search_limit = pesec_num_a_cols;
 260   1          if (search_limit > HAMMING_N)
 261   1          {
 262   2              search_limit = HAMMING_N;
 263   2          }
 264   1      
 265   1          for (i = 0; i < search_limit; i++)
 266   1          {
 267   2              if (PESEC_MAT_A[i] == syndrome)
 268   2              {
 269   3                  /* Error is in data bit i.  Flip it. */
 270   3                  *data_bits ^= ((uint16_t)1u << i);
 271   3                  *data_bits &= BUS_STATE_MASK;
 272   3                  rx_pesec_corrections++;
 273   3                  return PESEC_CORRECTED_DATA;
 274   3              }
 275   2          }
 276   1      
 277   1          /* Step 4: Search redundancy-bit columns (Matrix D). */
 278   1          for (i = 0; i < pesec_num_d_cols; i++)
 279   1          {
 280   2              if (PESEC_MAT_D[i] == syndrome)
 281   2              {
 282   3                  /* Error is in redundancy bit i.  Flip it. */
 283   3                  *red_bits ^= ((uint16_t)1u << i);
 284   3                  *red_bits &= PESEC_RED_MASK;
 285   3                  rx_pesec_corrections++;
 286   3                  return PESEC_CORRECTED_RED;
 287   3              }
 288   2          }
 289   1      
 290   1          /* Step 5: Syndrome is non-zero but matches no single column.
 291   1             This indicates a multi-bit error that cannot be corrected. */
 292   1          rx_errors_detected++;
 293   1          return PESEC_UNCORRECTABLE;
 294   1      }
 295          
 296          
 297          /* =========================================================================
 298             H1 DIFFERENTIAL ERROR CORRECTION
 299             =========================================================================
 300             This layer operates on the 15-bit data AFTER PESEC correction.
 301             It exploits the TX encoder's invariant that consecutive bus states
 302             differ by at most one bit (weight-0 or weight-1 transition).
C51 COMPILER V9.60.7.0   RX_ECC                                                            03/16/2026 15:50:26 PAGE 6   

 303          
 304             After PESEC has corrected any channel errors in the 25-bit word,
 305             the data bits should be clean.  This layer serves as:
 306               (a) a secondary validation check,
 307               (b) the differential baseline tracker for the decode pipeline.
 308          
 309             If PESEC correction was successful, this function will almost always
 310             pass the data through unchanged.  It only applies a correction if
 311             the transition somehow has weight > 1 (e.g., PESEC missed a multi-bit
 312             error, or a synchronisation glitch occurred).
 313             ========================================================================= */
 314          
 315          /* ---------------------------------------------------------------------------
 316             find_minimal_w
 317             ---------------------------------------------------------------------------
 318             H1-type minimum-weight vector for a given syndrome target.
 319             Identical to the TX encoder's implementation.
 320          
 321             s_target = 0  ->  return 0          (no transition)
 322             s_target != 0 ->  return 1 << (s-1) (single bit at position s-1)
 323             ---------------------------------------------------------------------------
 324          */
 325          uint16_t find_minimal_w(uint8_t s_target)
 326          {
 327   1          s_target &= 0x0F;
 328   1      
 329   1          if (s_target == 0)
 330   1          {
 331   2              return 0;
 332   2          }
 333   1      
 334   1          return ((uint16_t)1u << (s_target - 1));
 335   1      }
 336          
 337          
 338          /* ---------------------------------------------------------------------------
 339             rx_correct_bus_state
 340             ---------------------------------------------------------------------------
 341             Full explanation in rx_ecc.h.  Summary:
 342          
 343             1. delta = corrected_data XOR rx_previous_bus_state
 344             2. syndrome_delta = H1 * delta^T
 345             3. expected_delta = find_minimal_w(syndrome_delta)
 346             4. If delta == expected_delta: accept as-is.
 347                Else: reconstruct from previous + expected_delta.
 348             5. Update rx_previous_bus_state.
 349             ---------------------------------------------------------------------------
 350          */
 351          uint16_t rx_correct_bus_state(uint16_t corrected_data)
 352          {
 353   1          uint16_t delta;
 354   1          uint8_t  syndrome_delta;
 355   1          uint16_t expected_delta;
 356   1          uint16_t result;
 357   1      
 358   1          corrected_data &= BUS_STATE_MASK;
 359   1      
 360   1          /* Step 1: Observed transition from previous known-good state. */
 361   1          delta = corrected_data ^ rx_previous_bus_state;
 362   1      
 363   1          /* Step 2: H1 syndrome of the transition.
 364   1             rx_compute_syndrome() is defined in rx_decoder.c and performs
C51 COMPILER V9.60.7.0   RX_ECC                                                            03/16/2026 15:50:26 PAGE 7   

 365   1             the on-the-fly H * delta^T computation. */
 366   1          syndrome_delta = rx_compute_syndrome(delta);
 367   1      
 368   1          /* Step 3: Reconstruct the canonical transition the TX would send. */
 369   1          expected_delta = find_minimal_w(syndrome_delta);
 370   1      
 371   1          /* Step 4: Accept or correct. */
 372   1          if (delta == expected_delta)
 373   1          {
 374   2              result = corrected_data;
 375   2          }
 376   1          else
 377   1          {
 378   2              /* The transition weight was not 0 or 1.  This should be rare
 379   2                 after PESEC correction.  Reconstruct the intended state. */
 380   2              result = (rx_previous_bus_state ^ expected_delta) & BUS_STATE_MASK;
 381   2              rx_errors_corrected++;
 382   2          }
 383   1      
 384   1          /* Step 5: Advance the differential baseline. */
 385   1          rx_previous_bus_state = result;
 386   1      
 387   1          return result;
 388   1      }


MODULE INFORMATION:   STATIC OVERLAYABLE
   CODE SIZE        =    858    ----
   CONSTANT SIZE    =   ----    ----
   XDATA SIZE       =     86    ----
   PDATA SIZE       =   ----    ----
   DATA SIZE        =   ----      29
   IDATA SIZE       =   ----    ----
   BIT SIZE         =   ----    ----
END OF MODULE INFORMATION.


C51 COMPILATION COMPLETE.  0 WARNING(S),  0 ERROR(S)
