C51 COMPILER V9.60.7.0   MAIN                                                              01/14/2026 22:42:56 PAGE 1   


C51 COMPILER V9.60.7.0, COMPILATION OF MODULE MAIN
OBJECT MODULE PLACED IN .\Objects\main.obj
COMPILER INVOKED BY: C:\Keil_v5\C51\BIN\C51.EXE main.c OPTIMIZE(8,SPEED) BROWSE DEBUG OBJECTEXTEND PRINT(.\Listings\main
                    -.lst) TABS(2) OBJECT(.\Objects\main.obj)

line level    source

   1          /* File: main.c */
   2          #include <aduc841.h>
   3          #include "header.h"
   4          
   5          volatile bit sample_flag = 0;
   6          
   7          void main(void)
   8          {
   9   1          uint8_t X[HAMMING_N];
  10   1          uint8_t S[HAMMING_R];
  11   1          uint8_t decimal_value;
  12   1          
  13   1          GlobalINT();
  14   1          Timer3_Init();
  15   1          UART_Init();
  16   1          Port_Init();
  17   1          Timer0_Init(); 
  18   1          
  19   1          // DAC Configuration
  20   1          DACCON = 0x1D;
  21   1          DAC0H = 0x0F;
  22   1          DAC0L = 0xFF;
  23   1        
  24   1          while(1)
  25   1          {
  26   2              if (sample_flag)
  27   2              {
  28   3                  EA = 0;
  29   3                  sample_flag = 0;
  30   3                  
  31   3                  read_X_from_bus(X);
  32   3                  get_S_from_X(X, HAMMING_R, S);
  33   3                  decimal_value = bits_to_decimal(S, HAMMING_R);
  34   3                  
  35   3                  // Filter: Only transmit if value is not 0
  36   3                  if (decimal_value != 0)
  37   3                  {
  38   4                      // CHANGE: Call the HEX transmit function
  39   4                      transmit_hex_uart(decimal_value);
  40   4                  }
  41   3                  
  42   3                  EA = 1;
  43   3              }
  44   2          }
  45   1      }


MODULE INFORMATION:   STATIC OVERLAYABLE
   CODE SIZE        =     81    ----
   CONSTANT SIZE    =   ----    ----
   XDATA SIZE       =   ----    ----
   PDATA SIZE       =   ----    ----
   DATA SIZE        =   ----      19
   IDATA SIZE       =   ----    ----
C51 COMPILER V9.60.7.0   MAIN                                                              01/14/2026 22:42:56 PAGE 2   

   BIT SIZE         =      1    ----
END OF MODULE INFORMATION.


C51 COMPILATION COMPLETE.  0 WARNING(S),  0 ERROR(S)
