C51 COMPILER V9.60.7.0   RX_DECODER                                                        04/23/2026 23:50:14 PAGE 1   


C51 COMPILER V9.60.7.0, COMPILATION OF MODULE RX_DECODER
OBJECT MODULE PLACED IN .\Objects\rx_decoder.obj
COMPILER INVOKED BY: C:\Keil_v5\C51\BIN\C51.EXE rx_decoder.c OPTIMIZE(8,SPEED) BROWSE DEBUG OBJECTEXTEND PRINT(.\Listing
                    -s\rx_decoder.lst) TABS(2) OBJECT(.\Objects\rx_decoder.obj)

line level    source

   1          /* 
   2             File: rx_decoder.c
   3             Module: Group 2 Decoding Logic
   4          
   5             Dependencies:
   6               rx_hw.h - rx_send_uart_byte()
   7          
   8             Portability:
   9               rx_compute_syndrome(), rx_reset_state_machine(), and rx_is_bus_reset()
  10               contain no hardware calls and can run on any host.
  11          */
  12          
  13          #include "rx_system.h"
  14          
  15          /* 
  16             Module-private state variables
  17             [N1] volatile removed: no ISRs access these variables.
  18             [MEM] Placed in XDATA to free DATA space (7 bytes saved).
  19             
  20          */
  21          
  22          rx_state_t xdata rx_current_state    = RX_STATE_WAIT_HIGH;
  23          uint8_t    xdata rx_stored_high_nibble = 0;
  24          uint8_t    xdata rx_byte_ready       = 0;
  25          uint16_t   xdata rx_bytes_decoded    = 0;
  26          uint16_t   xdata rx_states_processed = 0;
  27          
  28          
  29          /* 
  30             rx_compute_syndrome
  31          */
  32          uint8_t rx_compute_syndrome(uint16_t bus_state)
  33          {
  34   1          uint8_t  syndrome = 0;
  35   1          uint8_t  col_idx;
  36   1          uint16_t temp;
  37   1      
  38   1          temp = bus_state & BUS_STATE_MASK;
  39   1      
  40   1          for (col_idx = 1; col_idx <= HAMMING_N; col_idx++)
  41   1          {
  42   2              if (temp & 0x0001u)
  43   2              {
  44   3                  syndrome ^= col_idx;
  45   3              }
  46   2              temp >>= 1;
  47   2          }
  48   1      
  49   1          return (syndrome & 0x0Fu);
  50   1      }
  51          
  52          
  53          /* 
  54             rx_process_bus_state
C51 COMPILER V9.60.7.0   RX_DECODER                                                        04/23/2026 23:50:14 PAGE 2   

  55             
  56          */
  57          void rx_process_bus_state(uint16_t bus_state)
  58          {
  59   1          uint8_t data_nibble;
  60   1          uint8_t complete_byte;
  61   1      
  62   1          data_nibble = rx_compute_syndrome(bus_state);
  63   1      
  64   1          switch (rx_current_state)
  65   1          {
  66   2              case RX_STATE_WAIT_HIGH:
  67   2                  rx_stored_high_nibble = data_nibble & 0x0Fu;
  68   2                  rx_current_state      = RX_STATE_WAIT_LOW;
  69   2                  break;
  70   2      
  71   2              case RX_STATE_WAIT_LOW:
  72   2                  complete_byte = (uint8_t)((rx_stored_high_nibble << 4)
  73   2                                   | (data_nibble & 0x0Fu));
  74   2      
  75   2                  rx_send_uart_byte(complete_byte);
  76   2      
  77   2                  rx_bytes_decoded++;
  78   2                  rx_byte_ready         = 1;
  79   2                  rx_current_state      = RX_STATE_WAIT_HIGH;
  80   2                  rx_stored_high_nibble = 0;
  81   2                  break;
  82   2      
  83   2              default:
  84   2                  rx_reset_state_machine();
  85   2                  break;
  86   2          }
  87   1      }
  88          
  89          
  90          /* 
  91             rx_reset_state_machine
  92             
  93          */
  94          void rx_reset_state_machine(void)
  95          {
  96   1          rx_current_state      = RX_STATE_WAIT_HIGH;
  97   1          rx_stored_high_nibble = 0;
  98   1          rx_byte_ready         = 0;
  99   1      }
 100          
 101          
 102          /* 
 103             rx_is_bus_reset
 104             
 105          */
 106          uint8_t rx_is_bus_reset(uint16_t data_bits, uint16_t red_bits)
 107          {
 108   1          if ((data_bits == 0) && (red_bits == 0))
 109   1          {
 110   2              return 1;
 111   2          }
 112   1          return 0;
 113   1      }


MODULE INFORMATION:   STATIC OVERLAYABLE
C51 COMPILER V9.60.7.0   RX_DECODER                                                        04/23/2026 23:50:14 PAGE 3   

   CODE SIZE        =    134    ----
   CONSTANT SIZE    =   ----    ----
   XDATA SIZE       =      7    ----
   PDATA SIZE       =   ----    ----
   DATA SIZE        =   ----    ----
   IDATA SIZE       =   ----    ----
   BIT SIZE         =   ----    ----
END OF MODULE INFORMATION.


C51 COMPILATION COMPLETE.  0 WARNING(S),  0 ERROR(S)
