C51 COMPILER V9.60.7.0   RX_DECODER                                                        05/07/2026 11:54:57 PAGE 1   


C51 COMPILER V9.60.7.0, COMPILATION OF MODULE RX_DECODER
OBJECT MODULE PLACED IN .\Objects\rx_decoder.obj
COMPILER INVOKED BY: C:\Keil_v5\C51\BIN\C51.EXE rx_decoder.c OPTIMIZE(8,SPEED) BROWSE DEBUG OBJECTEXTEND PRINT(.\Listing
                    -s\rx_decoder.lst) TABS(2) OBJECT(.\Objects\rx_decoder.obj)

line level    source

   1          /* 
   2             File: rx_decoder.c
   3             Module: Group 2 Decoding Logic
   4          
   5             Dependencies:
   6               rx_hw.h - rx_send_uart_byte()
   7          
   8             Portability:
   9               rx_compute_syndrome(), rx_reset_state_machine(), and rx_is_bus_reset()
  10               contain no hardware calls and can run on any host.
  11          */
  12          
  13          #include "rx_system.h"
  14          
  15          /* 
  16             Module-private state variables
  17             [N1] volatile removed: no ISRs access these variables.
  18             [MEM] Placed in XDATA to free DATA space (7 bytes saved).
  19          */
  20          
  21          rx_state_t xdata rx_current_state    = RX_STATE_WAIT_HIGH;
  22          uint8_t    xdata rx_stored_high_nibble = 0;
  23          uint8_t    xdata rx_byte_ready       = 0;
  24          uint16_t   xdata rx_bytes_decoded    = 0;
  25          uint16_t   xdata rx_states_processed = 0;
  26          
  27          
  28          /* 
  29             rx_compute_syndrome
  30          */
  31          uint8_t rx_compute_syndrome(uint16_t bus_state)
  32          {
  33   1          uint8_t  syndrome = 0;
  34   1          uint8_t  col_idx;
  35   1          uint16_t temp;
  36   1      
  37   1          temp = bus_state & BUS_STATE_MASK; // filter to 15 bits
  38   1      
  39   1          for (col_idx = 1; col_idx <= HAMMING_N; col_idx++)
  40   1          {
  41   2              if (temp & 0x0001u)
  42   2              {
  43   3                  syndrome ^= col_idx;
  44   3              }
  45   2              temp >>= 1;
  46   2          }
  47   1      
  48   1          return (syndrome & 0x0Fu); // filter to 4 bits
  49   1      }
  50          
  51          
  52          /* 
  53             rx_process_bus_state
  54             
C51 COMPILER V9.60.7.0   RX_DECODER                                                        05/07/2026 11:54:57 PAGE 2   

  55          */
  56          void rx_process_bus_state(uint16_t bus_state)
  57          {
  58   1          uint8_t data_nibble;
  59   1          uint8_t complete_byte;
  60   1      
  61   1          data_nibble = rx_compute_syndrome(bus_state);
  62   1      
  63   1          switch (rx_current_state) // FSM
  64   1          {
  65   2              case RX_STATE_WAIT_HIGH:
  66   2                  rx_stored_high_nibble = data_nibble & 0x0Fu; 
  67   2                  rx_current_state      = RX_STATE_WAIT_LOW;
  68   2                  break;
  69   2      
  70   2              case RX_STATE_WAIT_LOW:
  71   2                  complete_byte = (uint8_t)((rx_stored_high_nibble << 4)
  72   2                                   | (data_nibble & 0x0Fu)); // create full Byte
  73   2      
  74   2                  rx_send_uart_byte(complete_byte);
  75   2      
  76   2                  rx_bytes_decoded++;
  77   2                  rx_byte_ready         = 1;
  78   2                  rx_current_state      = RX_STATE_WAIT_HIGH;
  79   2                  rx_stored_high_nibble = 0;
  80   2                  break;
  81   2      
  82   2              default:
  83   2                  rx_reset_state_machine();
  84   2                  break;
  85   2          }
  86   1      }
  87          
  88          
  89          /* 
  90             rx_reset_state_machine
  91             
  92          */
  93          void rx_reset_state_machine(void)
  94          {
  95   1          rx_current_state      = RX_STATE_WAIT_HIGH;
  96   1          rx_stored_high_nibble = 0;
  97   1          rx_byte_ready         = 0;
  98   1      }
  99          
 100          
 101          /* 
 102             rx_is_bus_reset
 103             
 104          */
 105          uint8_t rx_is_bus_reset(uint16_t data_bits, uint16_t red_bits)
 106          {
 107   1          if ((data_bits == 0) && (red_bits == 0))
 108   1          {
 109   2              return 1;
 110   2          }
 111   1          return 0;
 112   1      }


MODULE INFORMATION:   STATIC OVERLAYABLE
   CODE SIZE        =    134    ----
C51 COMPILER V9.60.7.0   RX_DECODER                                                        05/07/2026 11:54:57 PAGE 3   

   CONSTANT SIZE    =   ----    ----
   XDATA SIZE       =      7    ----
   PDATA SIZE       =   ----    ----
   DATA SIZE        =   ----    ----
   IDATA SIZE       =   ----    ----
   BIT SIZE         =   ----    ----
END OF MODULE INFORMATION.


C51 COMPILATION COMPLETE.  0 WARNING(S),  0 ERROR(S)
