C51 COMPILER V9.60.7.0   RX_ECC                                                            05/19/2026 11:54:59 PAGE 1   


C51 COMPILER V9.60.7.0, COMPILATION OF MODULE RX_ECC
OBJECT MODULE PLACED IN .\Objects\rx_ecc.obj
COMPILER INVOKED BY: C:\Keil_v5\C51\BIN\C51.EXE rx_ecc.c OPTIMIZE(8,SPEED) BROWSE DEBUG OBJECTEXTEND PRINT(.\Listings\rx
                    -_ecc.lst) TABS(2) OBJECT(.\Objects\rx_ecc.obj)

line level    source

   1          /*
   2             File: rx_ecc.c
   3             Module: Group 3  Error Correction (PESEC SEC+DED)
   4          
   5             Implementation of:
   6               - PESEC matrix construction (mirroring the TX encoder)
   7               - PESEC syndrome computation and single-bit error correction
   8               - SEC+DED overall parity check for double-error detection
   9          
  10             The earlier H1-type differential validation layer has been removed.
  11             Nibble decoding is now performed exclusively by absolute syndrome
  12             computation in rx_decoder.c::rx_process_bus_state(), which relies on
  13             the TX invariant  syndrome(current_bus_state) == last_input_nibble.
  14             PESEC alone guards the 26-bit codeword against single-bit errors
  15             (corrected) and double-bit errors (detected and dropped).
  16          
  17             SEC+DED:
  18               rx_pesec_correct() accepts an overall_parity parameter.  The TX
  19               computes P = parity(data[14:0]) XOR parity(red[9:0]) and shifts it
  20               out as the 26th bus bit.  The RX recomputes parity locally and
  21               compares it with the received P.  Combined with the PESEC
  22               syndrome, this yields a 4-case truth table:
  23          
  24                 Syndrome | Parity Check | Meaning
  25                 ---------|--------------|------------------------------------------
  26                   == 0   |     OK       | No error (PESEC_NO_ERROR)
  27                   != 0   |     FAIL     | Single error -> correct (PESEC_CORRECTED_*)
  28                   != 0   |     OK       | Double error -> uncorrectable (PESEC_UNCORRECTABLE)
  29                   == 0   |     FAIL     | Parity bit itself flipped (PESEC_CORRECTED_PARITY)
  30          
  31             Dependencies:
  32               rx_types.h    ->  uint8_t, uint16_t, constants
  33          
  34             Portability:
  35               No hardware registers are accessed here.
  36          
  37          */
  38          
  39          #include "rx_system.h"
  40          
  41          /* 
  42             MODULE STATE VARIABLES
  43            */
  44          
  45          /* --- PESEC matrices (built at startup, read-only thereafter) ---
  46             [MEM] Placed in XDATA to free DATA space. */
  47          uint8_t xdata PESEC_MAT_D[20];
  48          uint8_t xdata PESEC_MAT_A[40];
  49          
  50          /* --- Block solver metadata ---
  51             [MEM] XDATA. */
  52          uint8_t xdata pesec_num_blocks;
  53          uint8_t xdata pesec_bit_offsets[MAX_PESEC_BLOCKS];
  54          uint8_t xdata pesec_col_offsets[MAX_PESEC_BLOCKS];
C51 COMPILER V9.60.7.0   RX_ECC                                                            05/19/2026 11:54:59 PAGE 2   

  55          uint8_t xdata pesec_chunk_masks[MAX_PESEC_BLOCKS];
  56          
  57          /* --- Column counts --- */
  58          uint8_t xdata pesec_num_d_cols;
  59          uint8_t xdata pesec_num_a_cols;
  60          
  61          /* --- PESEC double-error counter ---
  62             Incremented by rx_pesec_correct() when a double-bit error is detected
  63             (S!=0 with parity OK) or when the column search fails to locate the
  64             syndrome.  Read-only diagnostic; not consumed by the pipeline.
  65             [MEM] XDATA. */
  66          uint16_t xdata rx_errors_detected    = 0;
  67          
  68          /* --- PESEC single-error correction counter ---
  69             Incremented by rx_pesec_correct() for every PESEC_CORRECTED_DATA /
  70             PESEC_CORRECTED_RED / PESEC_CORRECTED_PARITY return.  Read-only.
  71             [MEM] XDATA. */
  72          uint16_t xdata rx_pesec_corrections  = 0;
  73          
  74          
  75          /* 
  76             PESEC MATRIX INITIALISATION
  77              */
  78          void rx_init_pesec_matrices(uint8_t *m_sizes, uint8_t num_blocks)
  79          {
  80   1          uint8_t i, b, val;
  81   1          uint8_t is_in_d;
  82   1          uint8_t total_m = 0;
  83   1          uint8_t current_col_offset = 0;
  84   1          uint8_t max_syndrome;
  85   1      
  86   1          pesec_num_blocks = num_blocks;
  87   1          pesec_num_d_cols = 0;
  88   1          pesec_num_a_cols = 0;
  89   1      
  90   1          for (b = 0; b < num_blocks; b++)
  91   1          {
  92   2              pesec_bit_offsets[b] = total_m;
  93   2              pesec_col_offsets[b] = current_col_offset;
  94   2              pesec_chunk_masks[b] = ((1 << m_sizes[b]) - 1) << total_m;
  95   2      
  96   2              for (i = 1; i < (1 << m_sizes[b]); i++)
  97   2              {
  98   3                  PESEC_MAT_D[pesec_num_d_cols++] = (i << total_m);
  99   3              }
 100   2      
 101   2              total_m += m_sizes[b];
 102   2              current_col_offset += ((1 << m_sizes[b]) - 1);
 103   2          }
 104   1      
 105   1          max_syndrome = (1 << total_m) - 1;
 106   1      
 107   1          for (val = 1; val <= max_syndrome; val++)
 108   1          {
 109   2              is_in_d = 0;
 110   2      
 111   2              for (i = 0; i < pesec_num_d_cols; i++)
 112   2              {
 113   3                  if (PESEC_MAT_D[i] == val)
 114   3                  {
 115   4                      is_in_d = 1;
 116   4                      break;
C51 COMPILER V9.60.7.0   RX_ECC                                                            05/19/2026 11:54:59 PAGE 3   

 117   4                  }
 118   3              }
 119   2      
 120   2              if (is_in_d == 0)
 121   2              {
 122   3                  PESEC_MAT_A[pesec_num_a_cols++] = val;
 123   3              }
 124   2          }
 125   1      }
 126          
 127          
 128          /* 
 129             PESEC SYNDROME COMPUTATION (INTERNAL HELPERS)
 130              */
 131          
 132          static uint8_t calc_pesec_syndrome_generic(uint16_t reg_val,
 133                                                     uint8_t *mat_ptr,
 134                                                     uint8_t  num_cols)
 135          {
 136   1          uint8_t syndrome = 0;
 137   1          uint8_t idx;
 138   1      
 139   1          for (idx = 0; idx < num_cols; idx++)
 140   1          {
 141   2              if ((reg_val >> idx) & 1u)
 142   2              {
 143   3                  syndrome ^= mat_ptr[idx];
 144   3              }
 145   2          }
 146   1      
 147   1          return syndrome;
 148   1      }
 149          
 150          
 151          static uint8_t get_data_syndrome(uint16_t data_val)
 152          {
 153   1          return calc_pesec_syndrome_generic(data_val, PESEC_MAT_A,
 154   1                                             pesec_num_a_cols);
 155   1      }
 156          
 157          
 158          static uint8_t get_red_syndrome(uint16_t red_val)
 159          {
 160   1          return calc_pesec_syndrome_generic(red_val, PESEC_MAT_D,
 161   1                                             pesec_num_d_cols);
 162   1      }
 163          
 164          
 165          /* 
 166             PARITY COMPUTATION HELPER
 167             
 168             Computes the population parity (popcount mod 2) of a 16-bit value
 169             using XOR folding.  Identical to the TX encoder's implementation.
 170          
 171             Returns: 0 if even number of set bits, 1 if odd.
 172              */
 173          static uint8_t parity16(uint16_t v)
 174          {
 175   1          uint8_t x;
 176   1      
 177   1          x = (uint8_t)(v >> 8) ^ (uint8_t)(v);
 178   1          x ^= x >> 4;
C51 COMPILER V9.60.7.0   RX_ECC                                                            05/19/2026 11:54:59 PAGE 4   

 179   1          x ^= x >> 2;
 180   1          x ^= x >> 1;
 181   1      
 182   1          return (x & 1u);
 183   1      }
 184          
 185          
 186          /* 
 187             PESEC ERROR CORRECTION  (SEC+DED UPGRADED)
 188             
 189          
 190             [W4] UPGRADED FROM SEC TO SEC+DED
 191          
 192             The original SEC-only algorithm:
 193               1. Compute syndrome S.
 194               2. If S == 0: no error.
 195               3. If S != 0: search for matching column, correct if found.
 196          
 197             The SEC+DED algorithm adds an overall parity check to distinguish
 198             single errors (correctable) from double errors (detectable only):
 199          
 200               1. Compute PESEC syndrome S.
 201               2. Recompute the overall parity of the received 25 data+red bits.
 202               3. Compare recomputed parity with the received overall parity bit.
 203               4. Apply the 4-case truth table:
 204          
 205                  CASE 1: S == 0, parity OK
 206                    The codeword is valid.  No error occurred.
 207                    Return: PESEC_NO_ERROR.
 208          
 209                  CASE 2: S != 0, parity FAIL (odd total parity)
 210                    An odd number of bits flipped.  For practical channel error
 211                    rates, this is overwhelmingly a SINGLE-bit error.  The PESEC
 212                    syndrome S identifies the errored bit position.  Proceed with
 213                    standard column-matching correction.
 214                    Return: PESEC_CORRECTED_DATA or PESEC_CORRECTED_RED.
 215          
 216                  CASE 3: S != 0, parity OK (even total parity)
 217                    An even number of bits flipped (2, 4, ...).  The PESEC syndrome
 218                    is non-zero because the two (or more) errors do not cancel in
 219                    syndrome space, but the overall parity IS even because two flips
 220                    preserve parity.  This is a DOUBLE (or higher even) error that
 221                    PESEC cannot correct -- applying the syndrome would "correct"
 222                    to the wrong codeword.
 223                    Return: PESEC_UNCORRECTABLE.
 224          
 225                  CASE 4: S == 0, parity FAIL (odd total parity)
 226                    The syndrome is zero, meaning all 25 data+red bits form a valid
 227                    PESEC codeword.  But the parity is wrong, so exactly one bit
 228                    flipped -- and that bit is the overall parity bit itself.
 229                    The data and redundancy are clean; no correction needed.
 230                    Return: PESEC_CORRECTED_PARITY.
 231          
 232             Parameters:
 233               data_bits       Pointer to 15-bit data; corrected in place if needed.
 234               red_bits        Pointer to 10-bit redundancy; corrected in place.
 235               overall_parity  The received overall parity bit (0 or 1) from the
 236                               26th bus bit, as extracted by the UART framing ISR.
 237             */
 238          uint8_t rx_pesec_correct(uint16_t *data_bits, uint16_t *red_bits,
 239                                   uint8_t overall_parity)
 240          {
C51 COMPILER V9.60.7.0   RX_ECC                                                            05/19/2026 11:54:59 PAGE 5   

 241   1          uint8_t syndrome;
 242   1          uint8_t parity_check;
 243   1          uint8_t i;
 244   1          uint8_t search_limit;
 245   1      
 246   1          /* Step 1: Compute full PESEC syndrome over the received 25 bits. */
 247   1          syndrome = get_data_syndrome(*data_bits) ^ get_red_syndrome(*red_bits);
 248   1      
 249   1          /* Step 2: Recompute parity of the received 25 data+redundancy bits
 250   1             and compare with the received overall parity bit.
 251   1             parity_check = 0 means parity is consistent (even total).
 252   1             parity_check = 1 means parity mismatch (odd total = error). */
 253   1          parity_check = parity16(*data_bits & BUS_STATE_MASK)
 254   1                       ^ parity16(*red_bits & PESEC_RED_MASK)
 255   1                       ^ (overall_parity & 0x01u);
 256   1      
 257   1          /* Step 3: Apply the SEC+DED truth table. */
 258   1      
 259   1          if (syndrome == 0)
 260   1          {
 261   2              if (parity_check == 0)
 262   2              {
 263   3                  /* CASE 1: S==0, parity OK -> no error. */
 264   3                  return PESEC_NO_ERROR;
 265   3              }
 266   2              else
 267   2              {
 268   3                  /* CASE 4: S==0, parity FAIL -> only the parity bit flipped.
 269   3                     Data and redundancy are intact.  Increment the correction
 270   3                     counter since a bit error was detected and accounted for. */
 271   3                  rx_pesec_corrections++;
 272   3                  return PESEC_CORRECTED_PARITY;
 273   3              }
 274   2          }
 275   1          else
 276   1          {
 277   2              if (parity_check == 0)
 278   2              {
 279   3                  /* CASE 3: S!=0, parity OK -> double (or even-count) error.
 280   3                     The syndrome points to a wrong position; correcting would
 281   3                     make things worse.  Flag as uncorrectable. */
 282   3                  rx_errors_detected++;
 283   3                  return PESEC_UNCORRECTABLE;
 284   3              }
 285   2      
 286   2              /* CASE 2: S!=0, parity FAIL -> single error.  Proceed with
 287   2                 standard PESEC column-matching correction. */
 288   2          }
 289   1      
 290   1          /* --- Single-error correction (Case 2 only reaches here) --- */
 291   1      
 292   1          /* Search data-bit columns (Matrix A).
 293   1             Only check the first HAMMING_N columns (physical data bits). */
 294   1          search_limit = pesec_num_a_cols;
 295   1          if (search_limit > HAMMING_N)
 296   1          {
 297   2              search_limit = HAMMING_N;
 298   2          }
 299   1      
 300   1          for (i = 0; i < search_limit; i++)
 301   1          {
 302   2              if (PESEC_MAT_A[i] == syndrome)
C51 COMPILER V9.60.7.0   RX_ECC                                                            05/19/2026 11:54:59 PAGE 6   

 303   2              {
 304   3                  *data_bits ^= ((uint16_t)1u << i);
 305   3                  *data_bits &= BUS_STATE_MASK;
 306   3                  rx_pesec_corrections++;
 307   3                  return PESEC_CORRECTED_DATA;
 308   3              }
 309   2          }
 310   1      
 311   1          /* Search redundancy-bit columns (Matrix D). */
 312   1          for (i = 0; i < pesec_num_d_cols; i++)
 313   1          {
 314   2              if (PESEC_MAT_D[i] == syndrome)
 315   2              {
 316   3                  *red_bits ^= ((uint16_t)1u << i);
 317   3                  *red_bits &= PESEC_RED_MASK;
 318   3                  rx_pesec_corrections++;
 319   3                  return PESEC_CORRECTED_RED;
 320   3              }
 321   2          }
 322   1      
 323   1          /* Syndrome is non-zero, parity says single error, but no column
 324   1             matches.  This should not happen with the H1-type construction
 325   1             (every non-zero 5-bit value is a column), but guard against it. */
 326   1          rx_errors_detected++;
 327   1          return PESEC_UNCORRECTABLE;
 328   1      }
 329          
 330          
 331          /* The H1-type differential error-correction layer (find_minimal_w and
 332             rx_correct_bus_state) was removed in this revision.  Per the design
 333             directive, the receiver now relies on PESEC SEC+DED alone for bus-
 334             level error handling, and on absolute syndrome decoding (in
 335             rx_decoder.c::rx_process_bus_state) for nibble extraction.  No
 336             stateful "previous bus state" anchor is maintained anywhere in the
 337             pipeline. */


MODULE INFORMATION:   STATIC OVERLAYABLE
   CODE SIZE        =    854    ----
   CONSTANT SIZE    =   ----    ----
   XDATA SIZE       =     82    ----
   PDATA SIZE       =   ----    ----
   DATA SIZE        =   ----      24
   IDATA SIZE       =   ----    ----
   BIT SIZE         =   ----    ----
END OF MODULE INFORMATION.


C51 COMPILATION COMPLETE.  0 WARNING(S),  0 ERROR(S)
