C51 COMPILER V9.60.7.0   RX_HW                                                             04/23/2026 23:50:14 PAGE 1   


C51 COMPILER V9.60.7.0, COMPILATION OF MODULE RX_HW
OBJECT MODULE PLACED IN .\Objects\rx_hw.obj
COMPILER INVOKED BY: C:\Keil_v5\C51\BIN\C51.EXE rx_hw.c OPTIMIZE(8,SPEED) BROWSE DEBUG OBJECTEXTEND PRINT(.\Listings\rx_
                    -hw.lst) TABS(2) OBJECT(.\Objects\rx_hw.obj)

line level    source

   1          /*
   2             File: rx_hw.c
   3          
   4             ADuC841 UART (Mode 1) serves both paths on a single serial port:
   5               RxD (P3.0)  <--  USART1 TXD1 of the Arduino Mega (encoded frames)
   6               TxD (P3.1)  -->  USB-UART bridge to PuTTY          (decoded bytes)
   7          
   8             The UART controller is inherently full-duplex: receiving a frame on
   9             RxD and transmitting a decoded byte on TxD use disjoint hardware
  10             (RB and TB shift registers) and are mediated by the same ISR.
  11          
  12             FRAMING LOGIC:
  13               Incoming bytes are fed into a 3-state accumulator:
  14                   UART_RX_WAIT_SOF     - hunt for 0xAA sync byte
  15                   UART_RX_COLLECT      - capture the next 4 payload bytes
  16                   UART_RX_WAIT_CRC     - verify CRC-8 over the 4 payload bytes
  17               Invalid frames are dropped and the accumulator returns to
  18               UART_RX_WAIT_SOF, so worst-case resync is one frame (~520 us).
  19          
  20             TX IS NOW INTERRUPT-DRIVEN:
  21               In the SPI revision the UART TX path was polled via rx_uart_pump().
  22               Enabling ES = 1 (to receive) means a pending TI flag will also
  23               fire the serial interrupt and cannot be left un-cleared, so TX is
  24               moved into the ISR.  The idle-flag tx_busy tracks whether SBUF
  25               currently holds an outbound byte; the first rx_send_uart_byte()
  26               primes SBUF directly, subsequent calls enqueue into the ring.
  27          */
  28          
  29          #include "rx_system.h"
  30          
  31          
  32          /*
  33             UART FRAME PROTOCOL CONSTANTS -- must match the Mega bridge
  34          */
  35          #define UART_SOF            0xAAu
  36          #define UART_PAYLOAD_LEN    4u
  37          #define UART_CRC_POLY       0x07u
  38          
  39          
  40          /*
  41             UART FRAME RECEIVE STATE VARIABLES
  42          */
  43          
  44          /* Staging registers: written from ISR when a complete CRC-valid frame
  45             has been assembled, read from main loop under EA=0 guard. */
  46          volatile uint16_t rx_frame_data        = 0;
  47          volatile uint16_t rx_frame_red         = 0;
  48          volatile uint8_t  rx_frame_parity      = 0;
  49          volatile uint8_t  rx_frame_ready       = 0;
  50          volatile uint16_t rx_frame_crc_errors  = 0;
  51          
  52          /* ISR-private state machine and byte accumulation buffer.  volatile
  53             solely to prevent the compiler from hoisting accesses out of the ISR
  54             (they are already single-threaded within the ISR itself). */
C51 COMPILER V9.60.7.0   RX_HW                                                             04/23/2026 23:50:14 PAGE 2   

  55          typedef enum
  56          {
  57              UART_RX_WAIT_SOF  = 0,
  58              UART_RX_COLLECT   = 1,
  59              UART_RX_WAIT_CRC  = 2
  60          } uart_rx_state_t;
  61          
  62          static volatile uart_rx_state_t uart_rx_state    = UART_RX_WAIT_SOF;
  63          static volatile uint8_t         uart_rx_count    = 0;
  64          static uint8_t                  uart_rx_buf[UART_PAYLOAD_LEN];
  65          
  66          
  67          /*
  68             UART TRANSMIT RING (interrupt-driven)
  69             ---
  70             Capacity bumped from 64 to 128 in the SPI revision to absorb bursts
  71             during PuTTY flow-control pauses.  Kept at 128 here.
  72          */
  73          #define TX_BUF_SIZE 128u
  74          static uint8_t xdata tx_buf[TX_BUF_SIZE];
  75          static volatile uint8_t tx_head = 0;   /* producer: main loop */
  76          static volatile uint8_t tx_tail = 0;   /* consumer: ISR       */
  77          
  78          /* tx_busy = 1 when SBUF currently holds an outbound byte whose TI has
  79             not yet been serviced.  While tx_busy=0, the ISR will not re-fire
  80             on TI (we keep TI cleared) and the next rx_send_uart_byte() will
  81             prime SBUF directly. */
  82          static volatile uint8_t tx_busy = 0;
  83          
  84          
  85          /*
  86             CRC-8 HELPER (poly 0x07, init 0x00, no reflection)
  87             ---
  88             Must match the bridge's crc8().  Keil C51 generates ~8 cycles per
  89             inner iteration, so 32 iterations per frame = ~23 us at 11.0592 MHz
  90             core -- well under the 87 us UART byte time.
  91          */
  92          static uint8_t uart_crc8(uint8_t *data, uint8_t len)
*** ERROR C141 IN LINE 92 OF rx_hw.c: syntax error near ',', expected '<id>'
  93          {
  94   1          uint8_t crc = 0u;
  95   1          uint8_t i, j;
  96   1      
  97   1          for (i = 0u; i < len; i++)
  98   1          {
  99   2              crc ^= data[i];
*** ERROR C141 IN LINE 99 OF rx_hw.c: syntax error near 'data', expected 'sizeof'
 100   2              for (j = 0u; j < 8u; j++)
 101   2              {
 102   3                  if (crc & 0x80u)
 103   3                  {
 104   4                      crc = (uint8_t)((crc << 1) ^ UART_CRC_POLY);
 105   4                  }
 106   3                  else
 107   3                  {
 108   4                      crc = (uint8_t)(crc << 1);
 109   4                  }
 110   3              }
 111   2          }
 112   1          return crc;
 113   1      }
 114          
C51 COMPILER V9.60.7.0   RX_HW                                                             04/23/2026 23:50:14 PAGE 3   

 115          
 116          /*
 117             UART RX BYTE HANDLER -- called from the ISR
 118             ---
 119             A single CRC mismatch aborts the current frame and returns the state
 120             machine to SOF hunt.  A stray 0xAA in the middle of a corrupted
 121             stream will therefore resync at most one frame later.
 122          */
 123          static void uart_handle_rx_byte(uint8_t rx_byte)
 124          {
 125   1          switch (uart_rx_state)
 126   1          {
 127   2              case UART_RX_WAIT_SOF:
 128   2                  if (rx_byte == UART_SOF)
 129   2                  {
 130   3                      uart_rx_count = 0u;
 131   3                      uart_rx_state = UART_RX_COLLECT;
 132   3                  }
 133   2                  break;
 134   2      
 135   2              case UART_RX_COLLECT:
 136   2                  uart_rx_buf[uart_rx_count++] = rx_byte;
 137   2                  if (uart_rx_count >= UART_PAYLOAD_LEN)
 138   2                  {
 139   3                      uart_rx_state = UART_RX_WAIT_CRC;
 140   3                  }
 141   2                  break;
 142   2      
 143   2              case UART_RX_WAIT_CRC:
 144   2              default:
 145   2                  if (rx_byte == uart_crc8(uart_rx_buf, UART_PAYLOAD_LEN))
*** ERROR C208 IN LINE 145 OF rx_hw.c: '_uart_crc8': too many actual parameters
 146   2                  {
 147   3                      /* Frame is valid -- assemble the 26-bit word.  If the
 148   3                         main loop has not consumed the previous frame yet we
 149   3                         overwrite it; the newer data is always preferred. */
 150   3                      rx_frame_data   = (uint16_t)uart_rx_buf[0]
 151   3                                      | (((uint16_t)(uart_rx_buf[1] & 0x7Fu)) << 8);
 152   3                      rx_frame_red    = (uint16_t)uart_rx_buf[2]
 153   3                                      | (((uint16_t)(uart_rx_buf[3] & 0x03u)) << 8);
 154   3                      rx_frame_parity = (uart_rx_buf[1] >> 7) & 0x01u;
 155   3                      rx_frame_ready  = 1u;
 156   3                  }
 157   2                  else
 158   2                  {
 159   3                      rx_frame_crc_errors++;
 160   3      #if RX_DEBUG
 161   3                      /* 'C' = bridge-link CRC mismatch.  Nested call into
 162   3                         rx_send_uart_byte() from the UART ISR is safe: the
 163   3                         ES=0/ES=1 guards are idempotent while already inside
 164   3                         the vector-4 handler, and SBUF's RX and TX halves are
 165   3                         independent hardware. */
 166   3                      rx_send_uart_byte('C');
 167   3      #endif
 168   3                  }
 169   2                  uart_rx_state = UART_RX_WAIT_SOF;
 170   2                  break;
 171   2          }
 172   1      }
 173          
 174          
 175          /*
C51 COMPILER V9.60.7.0   RX_HW                                                             04/23/2026 23:50:14 PAGE 4   

 176             UART ISR (vector 4, address 0x23)
 177             ---
 178             Serves both RI (receive) and TI (transmit) on the single 8052 UART.
 179             Priority-wise RI is handled first so that a simultaneous RI+TI (rare
 180             at 115200, but possible when a new start bit arrives as the previous
 181             byte finishes shifting out) is drained promptly.
 182          
 183             TI handling: if there is buffered data, shove the next byte into
 184             SBUF and keep tx_busy = 1.  Otherwise clear tx_busy and leave TI = 0
 185             so the ISR does not re-fire until the next send primes SBUF again.
 186          */
 187          void UART_ISR(void) interrupt 4
 188          {
 189   1          uint8_t rx_byte;
 190   1      
 191   1          if (RI)
 192   1          {
 193   2              rx_byte = SBUF;
 194   2              RI = 0;
 195   2              uart_handle_rx_byte(rx_byte);
 196   2          }
 197   1      
 198   1          if (TI)
 199   1          {
 200   2              TI = 0;
 201   2              if (tx_tail != tx_head)
 202   2              {
 203   3                  SBUF = tx_buf[tx_tail];
 204   3                  tx_tail = (tx_tail + 1u) % TX_BUF_SIZE;
 205   3              }
 206   2              else
 207   2              {
 208   3                  tx_busy = 0;
 209   3              }
 210   2          }
 211   1      }
 212          
 213          
 214          /*
 215             PERIPHERAL INITIALISATION
 216          */
 217          
 218          /*
 219             RX_Timer3_Init -- Timer 3 as UART baud rate generator.
 220          
 221             Per the ADuC841 datasheet (Table 35, p.76): with the PLL at fCORE =
 222             11.0592 MHz (CD=0, PLL=1), T3CON = 0x82 and T3FD = 0x20 give an
 223             exact 115200 baud.  Verified by the datasheet formula
 224               actual_baud = (2 * fCORE) / (2^(DIV-1) * (T3FD + 64))
 225                           = (22118400) / (2 * 96) = 115200.
 226          */
 227          void RX_Timer3_Init(void)
 228          {
 229   1          T3FD  = 0x20u;   /* Fractional divider = 32 */
 230   1          T3CON = 0x82u;   /* T3BAUDEN=1, DIV=2 (binary 010) */
 231   1      }
 232          
 233          
 234          /*
 235             RX_UART_Init -- SCON Mode 1, full-duplex, interrupt-driven.
 236          
 237             SCON = 0x50:
C51 COMPILER V9.60.7.0   RX_HW                                                             04/23/2026 23:50:14 PAGE 5   

 238               SM0=0, SM1=1   -> Mode 1 (8-bit async UART, variable baud)
 239               SM2=0          -> No multiprocessor framing
 240               REN=1          -> Receive enabled (NEW: was 0 in SPI version)
 241               TB8=RB8=TI=RI = 0
 242          
 243             ES=1 enables the serial interrupt; the ISR handles both RI and TI.
 244             TI starts at 0: the first rx_send_uart_byte() will prime SBUF.
 245          
 246             The MOV-as-byte style (rather than individual sbit writes to SM0/SM1)
 247             avoids the SMOD0 trap documented on the TX side -- when SMOD0=1 in
 248             PCON, SM0 aliases to a framing-error flag and sbit writes silently
 249             miss SCON.7.
 250          */
 251          void RX_UART_Init(void)
 252          {
 253   1          SCON    = 0x50u;
 254   1          tx_busy = 0;
 255   1          tx_head = 0;
 256   1          tx_tail = 0;
 257   1          uart_rx_state       = UART_RX_WAIT_SOF;
 258   1          uart_rx_count       = 0;
 259   1          rx_frame_ready      = 0;
 260   1          rx_frame_data       = 0;
 261   1          rx_frame_red        = 0;
 262   1          rx_frame_parity     = 0;
 263   1          rx_frame_crc_errors = 0;
 264   1      
 265   1          ES = 1;
 266   1          /* EA is set by the caller after all peripherals are initialised. */
 267   1      }
 268          
 269          
 270          /*
 271             NON-BLOCKING UART TX ENQUEUE
 272             ---
 273             If the transmitter is idle, write SBUF directly and mark tx_busy.
 274             If busy, push into the ring buffer; dropped on overflow.
 275          
 276             ES is toggled around the shared state update to prevent the ISR
 277             from racing on tx_busy / tx_head.
 278          */
 279          void rx_send_uart_byte(uint8_t data_byte)
 280          {
 281   1          uint8_t next_head;
 282   1      
 283   1          ES = 0;
 284   1      
 285   1          if (!tx_busy)
 286   1          {
 287   2              tx_busy = 1;
 288   2              SBUF    = data_byte;
 289   2              ES      = 1;
 290   2              return;
 291   2          }
 292   1      
 293   1          next_head = (tx_head + 1u) % TX_BUF_SIZE;
 294   1          if (next_head != tx_tail)
 295   1          {
 296   2              tx_buf[tx_head] = data_byte;
 297   2              tx_head         = next_head;
 298   2          }
 299   1          /* else: ring full, byte dropped */
C51 COMPILER V9.60.7.0   RX_HW                                                             04/23/2026 23:50:14 PAGE 6   

 300   1      
 301   1          ES = 1;
 302   1      }
 303          
 304          
 305          /*
 306             rx_uart_pump -- no-op kept for API compatibility.
 307             The TX path is now fully interrupt-driven.
 308          */
 309          void rx_uart_pump(void)
 310          {
 311   1          /* nothing to do */
 312   1      }

C51 COMPILATION COMPLETE.  0 WARNING(S),  3 ERROR(S)
