C51 COMPILER V9.60.7.0   MAIN                                                              02/08/2026 15:49:53 PAGE 1   


C51 COMPILER V9.60.7.0, COMPILATION OF MODULE MAIN
OBJECT MODULE PLACED IN .\Objects\main.obj
COMPILER INVOKED BY: C:\Keil_v5\C51\BIN\C51.EXE main.c OPTIMIZE(8,SPEED) BROWSE DEBUG OBJECTEXTEND PRINT(.\Listings\main
                    -.lst) TABS(2) OBJECT(.\Objects\main.obj)

line level    source

   1          /* File: main.c
   2          
   3            H1-Type Stateful Bus Encoder - Main Entry Point
   4            Target: ADuC841 (8052 single-cycle core)
   5          
   6           
   7            This file contains:
   8            - Global variable definitions (including the critical current_bus_state)
   9            - Hardware initialization
  10            - Main loop handling UART reception and batch processing
  11           
  12            INITIALIZATION:
  13            current_bus_state is initialized to 0 (all-zero bus).
  14            To change initialization, modify the initializer below or add an
  15            explicit assignment before the main loop.
  16           
  17            The initial syndrome (S_initial = H * 0^T = 0) means the bus starts
  18            representing syndrome 0x0.
  19           
  20          
  21           */
  22          
  23          #include <aduc841.h>
  24          #include "header.h"
  25          
  26          /* 
  27            GLOBAL VARIABLE DEFINITIONS
  28           */
  29          
  30          /* current_bus_state: The 15-bit physical bus state vector x.
  31            Only bits 0..14 are used (BUS_STATE_MASK = 0x7FFF).
  32            
  33            Relationship: H * current_bus_state^T = S_current (the current syndrome)
  34            
  35            INITIALIZATION: 0 (all zeros)
  36            This means initial syndrome is 0, and the bus starts in the zero state.
  37            
  38            To change: Assign a different value here or before the main loop.
  39            Example: current_bus_state = 0x0001; // Start with syndrome 1
  40           */
  41          volatile uint16_t current_bus_state = 0;
  42          
  43          /* Legacy status flags (preserved for compatibility) */
  44          volatile bit buffer_flag = 0;   /* Set when batch terminator received */
  45          volatile bit tx_flag = 0;       /* Set by UART ISR when byte received */
  46          
  47          /* Buffer tracking */
  48          volatile uint8_t buffer_count = 0;  /* Nibble count processed */
  49          
  50          /* UART receive buffer */
  51          volatile uint8_t tx_temp_byte = 0;  /* Raw byte from UART ISR */
  52          
  53          /* 
  54            MAIN FUNCTION
C51 COMPILER V9.60.7.0   MAIN                                                              02/08/2026 15:49:53 PAGE 2   

  55           
  56           */
  57          void main(void)
  58          {
  59   1          /* --- Hardware Initialization --- */
  60   1          GlobalINT();        /* Enable global interrupts */
  61   1          Timer3_Init();      /* Configure Timer 3 for 9600 baud */
  62   1          UART_Init();        /* Configure UART: 8N1, 9600 baud */
  63   1          Port_Init();        /* Initialize shift register GPIO pins */
  64   1          
  65   1          /* --- Initial bus state output --- */
  66   1          /* Output the initial zero state to shift registers */
  67   1          output_to_shift_registers();
  68   1          
  69   1          /*
  70   1            MAIN LOOP
  71   1            The main loop handles two events:
  72   1            1. tx_flag set by UART ISR: Process received character
  73   1            2. buffer_flag set by terminator: Perform any batch-end actions
  74   1           */
  75   1          while (1)
  76   1          {
  77   2              /* --- Handle UART Reception --- */
  78   2              if (tx_flag == 1)
  79   2              {
  80   3                  tx_flag = 0;
  81   3                  
  82   3                  /* tx_handler() splits the character into high/low nibbles,
  83   3                    processes each through the H1 encoder, and outputs to
  84   3                    shift registers after each nibble.
  85   3                   */
  86   3                  tx_handler(tx_temp_byte);
  87   3              }
  88   2              
  89   2              /* --- Handle Batch Terminator --- */
  90   2              if (buffer_flag)
  91   2              {
  92   3                  /* Enter critical section */
  93   3                  ES = 0;  /* Disable UART interrupt */
  94   3                  
  95   3                  buffer_flag = 0;
  96   3                  
  97   3                  /*
  98   3                    Batch terminator received ('\r' or '\n').
  99   3                    
 100   3                    In the stateful H1 encoder, each nibble is processed immediately.
 101   3                    The batch terminator is primarily a signal for the host that
 102   3                    a logical message boundary has been reached.
 103   3                    
 104   3                    Optional: Add any batch-end processing here if needed.
 105   3                    For now, we just reset the counter for statistics.
 106   3                   */
 107   3                  buffer_count = 0;
 108   3                  
 109   3                  /* Exit critical section */
 110   3                  ES = 1;  /* Re-enable UART interrupt */
 111   3              }
 112   2          }
 113   1      }


MODULE INFORMATION:   STATIC OVERLAYABLE
C51 COMPILER V9.60.7.0   MAIN                                                              02/08/2026 15:49:53 PAGE 3   

   CODE SIZE        =     39    ----
   CONSTANT SIZE    =   ----    ----
   XDATA SIZE       =   ----    ----
   PDATA SIZE       =   ----    ----
   DATA SIZE        =      4    ----
   IDATA SIZE       =   ----    ----
   BIT SIZE         =      2    ----
END OF MODULE INFORMATION.


C51 COMPILATION COMPLETE.  0 WARNING(S),  0 ERROR(S)
