C51 COMPILER V9.60.7.0   SHIFT_OUTPUT                                                      02/08/2026 15:49:53 PAGE 1   


C51 COMPILER V9.60.7.0, COMPILATION OF MODULE SHIFT_OUTPUT
OBJECT MODULE PLACED IN .\Objects\shift_output.obj
COMPILER INVOKED BY: C:\Keil_v5\C51\BIN\C51.EXE shift_output.c OPTIMIZE(8,SPEED) BROWSE DEBUG OBJECTEXTEND PRINT(.\Listi
                    -ngs\shift_output.lst) TABS(2) OBJECT(.\Objects\shift_output.obj)

line level    source

   1          /* File: shift_output.c
   2           */
   3          
   4          #include <aduc841.h>
   5          #include <intrins.h>  /* For _nop_() */
   6          #include "header.h"
   7          
   8           /*
   9            delay_half_period - Delay for one half-period of shift register clock
  10            Provides a 5 µs delay for 100 kHz shift register clock timing.
  11           
  12            Calculation:
  13              - Target: 5 µs = 5000 ns
  14              - CPU cycle time: 1 / 11.0592 MHz = 90.422 ns
  15              - Required cycles: 5000 / 90.422 ≈ 55.3 cycles
  16           
  17            Implementation:
  18              - uint8_t initialization: 1 cycle (MOV)
  19              - Loop body: DJNZ (2 cycles) + NOP (1 cycle) = 3 cycles per iteration
  20              - 18 iterations: 18 * 3 = 54 cycles
  21              - Total: 1 + 54 = 55 cycles ≈ 4.973 µs
  22           
  23            Actual timing: 55 * 90.422 ns = 4973 ns = 4.973 µs
  24            Clock frequency: 1 / (2 * 4.973 µs) = 100.5 kHz
  25           
  26            Note: This is a blocking delay. The function disables interrupts during
  27            the shift operation, so timing precision is maintained.
  28            ---------------------------------------------------------------------------
  29            */
  30          static void delay_half_period(void)
  31          {
  32   1          uint8_t i = 18;  /* Calibrated for 5 µs at 11.0592 MHz */
  33   1      
  34   1          /* Each iteration: 2 cycles (DJNZ) + 1 cycle (NOP) = 3 cycles */
  35   1          while (i--) {
  36   2              _nop_();
  37   2          }
  38   1      }
  39          
  40          void output_to_shift_registers(void)
  41          {
  42   1          uint16_t state_copy;
  43   1          signed char bit_pos;  /* Signed to allow decrement below zero */
  44   1          uint8_t saved_ea;
  45   1          uint8_t bit_value;
  46   1      
  47   1          /* === Begin Critical Section === */
  48   1          /* Save and disable interrupts for atomic, timing-consistent output */
  49   1          saved_ea = EA;
  50   1          EA = 0;
  51   1      
  52   1          /* Make local copy of bus state (guarantees consistency during output) */
  53   1          state_copy = current_bus_state & BUS_STATE_MASK;
  54   1      
C51 COMPILER V9.60.7.0   SHIFT_OUTPUT                                                      02/08/2026 15:49:53 PAGE 2   

  55   1          /* Step 1: Ensure LATCH is low before starting shift sequence */
  56   1          LATCH_PIN = 0;
  57   1          delay_half_period();  /* Allow pin to settle and outputs to stabilize */
  58   1      
  59   1          /* Step 2: Shift out 15 bits, MSB-first (bit 14 down to bit 0) */
  60   1          for (bit_pos = (HAMMING_N - 1); bit_pos >= 0; bit_pos--)
  61   1          {
  62   2              /* Extract current bit value
  63   2                 Note: Explicit extraction to uint8_t for clarity and to avoid
  64   2                 any potential issues with implicit type conversions */
  65   2              bit_value = (uint8_t)((state_copy >> bit_pos) & 0x0001);
  66   2      
  67   2              /* Set DATA_PIN (SER input) to current bit value */
  68   2              DATA_PIN = bit_value;
  69   2      
  70   2              /* Data Setup Time: Ensure data is stable before clock rising edge
  71   2                 74HC595 requires minimum 25 ns setup time @ 5V
  72   2                 We provide 2 NOPs = 2 * 90.422 ns = 180.8 ns
  73   2                 This is 7.2× the minimum requirement, ensuring robust operation */
  74   2              _nop_();
  75   2              _nop_();
  76   2      
  77   2              /* Clock Rising Edge: Shift data into register on SRCLK rising edge
  78   2                 The 74HC595 samples DATA_PIN on the rising edge of CLK_PIN */
  79   2              CLK_PIN = 1;
  80   2              delay_half_period();  /* 5 µs high pulse */
  81   2      
  82   2              /* Clock Falling Edge: Complete the clock cycle
  83   2                 This also provides data hold time for the current bit
  84   2                 and preparation time for setting the next bit */
  85   2              CLK_PIN = 0;
  86   2              delay_half_period();  /* 5 µs low pulse */
  87   2      
  88   2              /* At this point:
  89   2                 - Current bit has been shifted into the shift register
  90   2                 - Clock is low, ready for next bit
  91   2                 - We have 5 µs to set up the next data bit (far exceeds tsu) */
  92   2          }
  93   1      
  94   1          /* Step 3: Setup time before latching
  95   1             Ensure adequate settling after last clock falling edge
  96   1             The 74HC595 requires setup time between last SRCLK falling edge
  97   1             and RCLK rising edge. We provide an additional 5 µs for margin. */
  98   1          delay_half_period();
  99   1      
 100   1          /* Step 4: Pulse LATCH (RCLK) to transfer shift register → storage register
 101   1             This makes the shifted data appear on the output pins (Q0-Q7)
 102   1             Minimum latch pulse width: 25 ns @ 5V
 103   1             We provide: 5 µs (200× minimum) */
 104   1          LATCH_PIN = 1;
 105   1          delay_half_period();  /* 5 µs latch pulse */
 106   1      
 107   1          /* Step 5: Return LATCH to low for clean idle state
 108   1             This is the standard idle condition for 74HC595:
 109   1               - SRCLK (CLK_PIN) = LOW
 110   1               - RCLK (LATCH_PIN) = LOW
 111   1               - SER (DATA_PIN) = Previous last bit (don't care while idle)
 112   1             Having all control signals low reduces power and prevents
 113   1             spurious operation during subsequent power-up or noise events */
 114   1          LATCH_PIN = 0;
 115   1      
 116   1          /* === End Critical Section === */
C51 COMPILER V9.60.7.0   SHIFT_OUTPUT                                                      02/08/2026 15:49:53 PAGE 3   

 117   1          EA = saved_ea;  /* Restore interrupt enable state */
 118   1      
 119   1      }
 120          
 121          
 122          void Port_Init(void)
 123          {
 124   1          /* Initialize all shift register control pins to LOW (idle state) */
 125   1          DATA_PIN = 0;  /* P2.0: Serial data input to shift registers */
 126   1          CLK_PIN = 0;  /* P2.1: Shift register clock (SRCLK) */
 127   1          LATCH_PIN = 0;  /* P2.2: Storage register clock (RCLK) */
 128   1            
 129   1      }


MODULE INFORMATION:   STATIC OVERLAYABLE
   CODE SIZE        =    102    ----
   CONSTANT SIZE    =   ----    ----
   XDATA SIZE       =   ----    ----
   PDATA SIZE       =   ----    ----
   DATA SIZE        =   ----       2
   IDATA SIZE       =   ----    ----
   BIT SIZE         =   ----    ----
END OF MODULE INFORMATION.


C51 COMPILATION COMPLETE.  0 WARNING(S),  0 ERROR(S)
